// Jest Snapshot v1, https://goo.gl/fbAQLP

exports[`Drawer render correctly 1`] = `
<div>
  <button
    class="fishd-btn fishd-btn-clicked"
    type="button"
  >
    <span>
      open
    </span>
  </button>
  <div
    class=""
  >
    <div
      class="fishd-drawer fishd-drawer-right fishd-drawer-open"
    >
      <div
        class="fishd-drawer-mask"
      />
      <div
        class="fishd-drawer-content-wrapper"
        style="width: 256px;"
      >
        <div
          class="fishd-drawer-content"
        >
          <div
            class="fishd-drawer-wrapper-body"
            style="overflow: auto; height: 100%;"
          >
            <button
              aria-label="Close"
              class="fishd-drawer-close"
            >
              <span
                class="fishd-drawer-close-x"
              />
            </button>
            <div
              class="fishd-drawer-body"
            >
              Here is content of Drawer
            </div>
          </div>
        </div>
      </div>
    </div>
  </div>
</div>
`;
