// Jest Snapshot v1, https://goo.gl/fbAQLP

exports[`Renders colorPicker demo correctly 1`] = `
<div>
  <div
    class="u-color-picker-wrap "
  >
    <span
      class="u-color-picker-trigger"
      style="background-color:rgba(255,0,0,1)"
      unselectable="unselectable"
    />
  </div>
  <div
    class="u-color-picker-wrap "
  >
    <span
      class="u-color-picker-trigger"
      style="background-color:rgba(255,0,0,1)"
      unselectable="unselectable"
    />
  </div>
  <div
    class="u-color-picker-wrap "
  >
    <button
      class="fishd-btn"
      style="background-color:rgba(24,144,255,1)"
      type="button"
      unselectable="unselectable"
    >
      <span>
        COLOR
      </span>
    </button>
  </div>
  <div
    class="u-color-picker-wrap "
  >
    <span
      class="u-color-picker-trigger"
      style="background-color:rgba(24,144,255,1)"
      unselectable="unselectable"
    />
  </div>
  <div
    class="u-color-picker-wrap "
  >
    <span
      class="u-color-picker-trigger"
      style="background-color:rgba(24,144,255,1)"
      unselectable="unselectable"
    />
  </div>
  <div
    class="panel-demo"
  >
    <div
      class="u-color-picker-panel "
      tabindex="0"
    >
      <div
        class="u-color-picker-panel-inner"
      >
        <div
          class="u-color-picker-panel-board"
        >
          <div
            class="u-color-picker-panel-board-hsv"
            style="background-color:#007eff"
          >
            <div
              class="u-color-picker-panel-board-value"
            />
            <div
              class="u-color-picker-panel-board-saturation"
            />
          </div>
          <span
            style="left:57.02479338842975%;top:52.54901960784314%"
          />
          <div
            class="u-color-picker-panel-board-handler"
          />
        </div>
        <div
          class="u-color-picker-panel-wrap"
        >
          <div
            class="u-color-picker-panel-wrap-ribbon"
          >
            <div
              class="u-color-picker-panel-ribbon"
            >
              <span
                style="left:58.454106280193244%"
              />
              <div
                class="u-color-picker-panel-ribbon-handler"
              />
            </div>
          </div>
          <div
            class="u-color-picker-panel-wrap-preview"
          >
            <div
              class="u-color-picker-panel-preview"
            >
              <span
                style="background-color:#345679;opacity:1"
              />
              <input
                type="color"
                value="#345679"
              />
            </div>
          </div>
        </div>
        <div
          class="u-color-picker-panel-wrap"
          style="height:40px;margin-top:6px"
        >
          <div
            class="u-color-picker-panel-params"
          >
            <div
              class="u-color-picker-panel-params-input"
            >
              <input
                class="u-color-picker-panel-params-hex"
                maxlength="6"
                type="text"
                value="345679"
              />
              <input
                type="number"
                value="52"
              />
              <input
                type="number"
                value="86"
              />
              <input
                type="number"
                value="121"
              />
            </div>
            <div
              class="u-color-picker-panel-params-lable"
            >
              <label
                class="u-color-picker-panel-params-lable-hex"
              >
                Hex
              </label>
              <label
                class="u-color-picker-panel-params-lable-number"
              >
                R
              </label>
              <label
                class="u-color-picker-panel-params-lable-number"
              >
                G
              </label>
              <label
                class="u-color-picker-panel-params-lable-number"
              >
                B
              </label>
            </div>
          </div>
        </div>
      </div>
    </div>
    <div
      class="u-color-picker-panel "
      tabindex="0"
    >
      <div
        class="u-color-picker-panel-inner"
      >
        <div
          class="u-color-picker-panel-board"
        >
          <div
            class="u-color-picker-panel-board-hsv"
            style="background-color:#009aff"
          >
            <div
              class="u-color-picker-panel-board-value"
            />
            <div
              class="u-color-picker-panel-board-saturation"
            />
          </div>
          <span
            style="left:53.28947368421052%;top:40.3921568627451%"
          />
          <div
            class="u-color-picker-panel-board-handler"
          />
        </div>
        <div
          class="u-color-picker-panel-wrap u-color-picker-panel-wrap-has-alpha"
        >
          <div
            class="u-color-picker-panel-wrap-ribbon"
          >
            <div
              class="u-color-picker-panel-ribbon"
            >
              <span
                style="left:56.5843621399177%"
              />
              <div
                class="u-color-picker-panel-ribbon-handler"
              />
            </div>
          </div>
          <div
            class="u-color-picker-panel-wrap-alpha"
          >
            <div
              class="u-color-picker-panel-alpha"
            >
              <div
                class="u-color-picker-panel-alpha-bg"
                style="background:linear-gradient(to right, rgba(71,120,152,0) , rgba(71,120,152,1))"
              />
              <span
                style="left:80%"
              />
              <div
                class="u-color-picker-panel-alpha-handler"
              />
            </div>
          </div>
          <div
            class="u-color-picker-panel-wrap-preview"
          >
            <div
              class="u-color-picker-panel-preview"
            >
              <span
                style="background-color:#477898;opacity:0.8"
              />
              <input
                type="color"
                value="#477898"
              />
            </div>
          </div>
        </div>
        <div
          class="u-color-picker-panel-wrap"
          style="height:40px;margin-top:6px"
        >
          <div
            class="u-color-picker-panel-params u-color-picker-panel-params-has-alpha"
          >
            <div
              class="u-color-picker-panel-params-input"
            >
              <input
                class="u-color-picker-panel-params-hex"
                maxlength="6"
                type="text"
                value="477898"
              />
              <input
                type="number"
                value="71"
              />
              <input
                type="number"
                value="120"
              />
              <input
                type="number"
                value="152"
              />
              <input
                type="number"
                value="80"
              />
            </div>
            <div
              class="u-color-picker-panel-params-lable"
            >
              <label
                class="u-color-picker-panel-params-lable-hex"
              >
                Hex
              </label>
              <label
                class="u-color-picker-panel-params-lable-number"
              >
                R
              </label>
              <label
                class="u-color-picker-panel-params-lable-number"
              >
                G
              </label>
              <label
                class="u-color-picker-panel-params-lable-number"
              >
                B
              </label>
              <label
                class="u-color-picker-panel-params-lable-alpha"
              >
                A
              </label>
            </div>
          </div>
        </div>
      </div>
    </div>
  </div>
</div>
`;
