// Jest Snapshot v1, https://goo.gl/fbAQLP

exports[`Renders breadcrumb demo correctly 1`] = `
<div>
  <div
    class="fishd-breadcrumb"
  >
    <span>
      <a
        class="fishd-breadcrumb-link"
        href=""
      >
        Home
      </a>
      <span
        class="fishd-breadcrumb-separator"
      >
        <i
          class="fishdicon fishdicon-arrow-line-regular"
        />
      </span>
    </span>
    <span>
      <a
        class="fishd-breadcrumb-link"
        href=""
      >
        APP Center
      </a>
      <span
        class="fishd-breadcrumb-separator"
      >
        <i
          class="fishdicon fishdicon-arrow-line-regular"
        />
      </span>
    </span>
    <span>
      <a
        class="fishd-breadcrumb-link"
        href=""
      >
        APP List
      </a>
      <span
        class="fishd-breadcrumb-separator"
      >
        <i
          class="fishdicon fishdicon-arrow-line-regular"
        />
      </span>
    </span>
    <span>
      <span
        class="fishd-breadcrumb-link"
      >
        An Application
      </span>
      <span
        class="fishd-breadcrumb-separator"
      >
        <i
          class="fishdicon fishdicon-arrow-line-regular"
        />
      </span>
    </span>
  </div>
  <div
    class="fishd-breadcrumb"
  >
    <span>
      <a
        class="fishd-breadcrumb-link"
        href=""
      >
        <div
          style="margin-right:4px"
        />
        <span>
          Home
        </span>
      </a>
      <span
        class="fishd-breadcrumb-separator"
      >
        <i
          class="fishdicon fishdicon-arrow-line-regular"
        />
      </span>
    </span>
    <span>
      <a
        class="fishd-breadcrumb-link"
        href=""
      >
        <div
          style="margin-right:4px"
        />
        <span>
          APP List
        </span>
      </a>
      <span
        class="fishd-breadcrumb-separator"
      >
        <i
          class="fishdicon fishdicon-arrow-line-regular"
        />
      </span>
    </span>
    <span>
      <span
        class="fishd-breadcrumb-link"
      >
        <div
          style="margin-right:4px"
        />
        <span>
          Application
        </span>
      </span>
      <span
        class="fishd-breadcrumb-separator"
      >
        <i
          class="fishdicon fishdicon-arrow-line-regular"
        />
      </span>
    </span>
  </div>
  <div
    class="fishd-breadcrumb"
  >
    <span>
      <a
        class="fishd-breadcrumb-link"
        href=""
      >
        Home
      </a>
      <span
        class="fishd-breadcrumb-separator"
      >
        /
      </span>
    </span>
    <span>
      <a
        class="fishd-breadcrumb-link"
        href=""
      >
        APP Center
      </a>
      <span
        class="fishd-breadcrumb-separator"
      >
        /
      </span>
    </span>
    <span>
      <a
        class="fishd-breadcrumb-link"
        href=""
      >
        APP List
      </a>
      <span
        class="fishd-breadcrumb-separator"
      >
        /
      </span>
    </span>
    <span>
      <span
        class="fishd-breadcrumb-link"
      >
        An Application
      </span>
      <span
        class="fishd-breadcrumb-separator"
      >
        /
      </span>
    </span>
  </div>
</div>
`;
