// Jest Snapshot v1, https://goo.gl/fbAQLP

exports[`Renders picturePreview demo correctly 1`] = `
<div>
  <div>
    <div
      class="demo-picpreview"
    >
      <div
        class="tips"
      >
        点击图片预览
      </div>
      <div
        class="pics"
      >
        <div
          class="item"
        >
          <img
            alt="pic1"
            height="60px"
            src="//ysf.nosdn.127.net/xcdbmadptmoftklqvwwxzwlvlorxnzin"
            width="60px"
          />
          <div
            class="name"
          >
            pic1
          </div>
        </div>
        <div
          class="item"
        >
          <img
            alt="pic2"
            height="60px"
            src="//ysf.nosdn.127.net/ausunifcvhchdzbexjvxcswemqeojqdf"
            width="60px"
          />
          <div
            class="name"
          >
            pic2
          </div>
        </div>
        <div
          class="item"
        >
          <img
            alt="pic3"
            height="60px"
            src="//ysf.nosdn.127.net/ijonlnhjaleturyoittndfkpuhbchdkd"
            width="60px"
          />
          <div
            class="name"
          >
            pic3
          </div>
        </div>
        <div
          class="item"
        >
          <img
            alt="pic4"
            height="60px"
            src="//ysf.nosdn.127.net/bqwiuevkyaimbmqcjvealfhejvxzbbth"
            width="60px"
          />
          <div
            class="name"
          >
            pic4
          </div>
        </div>
        <div
          class="item"
        >
          <img
            alt="pic5"
            height="60px"
            src="//ysf.nosdn.127.net/rygnbxiwcgoudyqnzzpypmtxlwpixigf"
            width="60px"
          />
          <div
            class="name"
          >
            pic5
          </div>
        </div>
      </div>
    </div>
    <div
      class="fishd-picturepreview-root fishd-picturepreview-hide"
      data-show="false"
    >
      <div
        class="fishd-picturepreview-mask"
      />
      <div
        class="fishd-picturepreview fishd-picturepreview-hide"
        data-show="false"
      >
        <div
          class="canvas"
        >
          <img
            alt="pic1"
            class="img"
            src="//ysf.nosdn.127.net/xcdbmadptmoftklqvwwxzwlvlorxnzin"
          />
          <img
            alt="pic2"
            class="img"
            src="//ysf.nosdn.127.net/ausunifcvhchdzbexjvxcswemqeojqdf"
          />
          <img
            alt="pic3"
            class="img"
            src="//ysf.nosdn.127.net/ijonlnhjaleturyoittndfkpuhbchdkd"
          />
          <img
            alt="pic4"
            class="img"
            src="//ysf.nosdn.127.net/bqwiuevkyaimbmqcjvealfhejvxzbbth"
          />
          <img
            alt="pic5"
            class="img"
            src="//ysf.nosdn.127.net/rygnbxiwcgoudyqnzzpypmtxlwpixigf"
          />
        </div>
        <i
          class="fishdicon fishdicon-picture-close close"
        />
        <i
          class="fishdicon fishdicon-arrow-line-Bold prev"
        />
        <i
          class="fishdicon fishdicon-arrow-line-Bold next"
        />
        <div
          class="toolbar fishd-picturepreview-hide"
        >
          <div
            class="toolbarTitle fishd-picturepreview-hide"
          >
            NaN/5
          </div>
          <div
            class="toolbarCon"
          >
            <i
              class="fishdicon fishdicon-picture-equal icon"
            />
            <i
              class="fishdicon fishdicon-picture-fullscreen icon"
            />
            <i
              class="fishdicon fishdicon-picture-enlarge icon"
            />
            <i
              class="fishdicon fishdicon-picture-micrify icon icon-disabled"
            />
            <i
              class="fishdicon fishdicon-picture-rotate icon"
            />
            <i
              class="fishdicon fishdicon-picture-download icon"
            />
          </div>
        </div>
      </div>
    </div>
  </div>
  <div>
    <div
      class="demo-picpreview"
    >
      <div
        class="tips"
      >
        点击图片预览
      </div>
      <div
        class="pics"
      >
        <div
          class="item"
        >
          <img
            alt="pic1"
            height="60px"
            src="//ysf.nosdn.127.net/xcdbmadptmoftklqvwwxzwlvlorxnzin"
            width="60px"
          />
          <div
            class="name"
          >
            pic1
          </div>
        </div>
        <div
          class="item"
        >
          <img
            alt="pic2"
            height="60px"
            src="//ysf.nosdn.127.net/ausunifcvhchdzbexjvxcswemqeojqdf"
            width="60px"
          />
          <div
            class="name"
          >
            pic2
          </div>
        </div>
        <div
          class="item"
        >
          <img
            alt="pic3"
            height="60px"
            src="//ysf.nosdn.127.net/ijonlnhjaleturyoittndfkpuhbchdkd"
            width="60px"
          />
          <div
            class="name"
          >
            pic3
          </div>
        </div>
        <div
          class="item"
        >
          <img
            alt="pic4"
            height="60px"
            src="//ysf.nosdn.127.net/bqwiuevkyaimbmqcjvealfhejvxzbbth"
            width="60px"
          />
          <div
            class="name"
          >
            pic4
          </div>
        </div>
        <div
          class="item"
        >
          <img
            alt="pic5"
            height="60px"
            src="//ysf.nosdn.127.net/rygnbxiwcgoudyqnzzpypmtxlwpixigf"
            width="60px"
          />
          <div
            class="name"
          >
            pic5
          </div>
        </div>
      </div>
    </div>
    <div
      class="fishd-picturepreview-root fishd-picturepreview-hide"
      data-show="false"
    >
      <div
        class="fishd-picturepreview-mask"
      />
      <div
        class="fishd-picturepreview fishd-picturepreview-hide"
        data-show="false"
      >
        <div
          class="canvas"
        >
          <img
            alt="pic1"
            class="img"
            src="//ysf.nosdn.127.net/xcdbmadptmoftklqvwwxzwlvlorxnzin"
          />
          <img
            alt="pic2"
            class="img"
            src="//ysf.nosdn.127.net/ausunifcvhchdzbexjvxcswemqeojqdf"
          />
          <img
            alt="pic3"
            class="img"
            src="//ysf.nosdn.127.net/ijonlnhjaleturyoittndfkpuhbchdkd"
          />
          <img
            alt="pic4"
            class="img"
            src="//ysf.nosdn.127.net/bqwiuevkyaimbmqcjvealfhejvxzbbth"
          />
          <img
            alt="pic5"
            class="img"
            src="//ysf.nosdn.127.net/rygnbxiwcgoudyqnzzpypmtxlwpixigf"
          />
        </div>
        <i
          class="fishdicon fishdicon-picture-close close"
        />
        <i
          class="fishdicon fishdicon-arrow-line-Bold prev"
        />
        <i
          class="fishdicon fishdicon-arrow-line-Bold next"
        />
        <div
          class="toolbar"
        >
          <div
            class="toolbarTitle fishd-picturepreview-hide"
          >
            NaN/5
          </div>
          <div
            class="toolbarCon"
          >
            <i
              class="fishdicon fishdicon-picture-equal icon"
            />
            <i
              class="fishdicon fishdicon-picture-fullscreen icon"
            />
            <i
              class="fishdicon fishdicon-picture-enlarge icon"
            />
            <i
              class="fishdicon fishdicon-picture-micrify icon icon-disabled"
            />
            <i
              class="fishdicon fishdicon-picture-rotate icon"
            />
            <i
              class="fishdicon fishdicon-picture-download icon"
            />
          </div>
        </div>
      </div>
    </div>
  </div>
  <div>
    <div
      class="demo-picpreview"
    >
      <div
        class="tips"
      >
        点击图片预览
      </div>
      <div
        class="pics"
      >
        <div
          class="item"
        >
          <img
            alt="pic1"
            height="60px"
            src="//ysf.nosdn.127.net/xcdbmadptmoftklqvwwxzwlvlorxnzin"
            width="60px"
          />
          <div
            class="name"
          >
            pic1
          </div>
        </div>
        <div
          class="item"
        >
          <img
            alt="pic2"
            height="60px"
            src="//ysf.nosdn.127.net/ausunifcvhchdzbexjvxcswemqeojqdf"
            width="60px"
          />
          <div
            class="name"
          >
            pic2
          </div>
        </div>
        <div
          class="item"
        >
          <img
            alt="pic3"
            height="60px"
            src="//ysf.nosdn.127.net/ijonlnhjaleturyoittndfkpuhbchdkd"
            width="60px"
          />
          <div
            class="name"
          >
            pic3
          </div>
        </div>
        <div
          class="item"
        >
          <img
            alt="pic4"
            height="60px"
            src="//ysf.nosdn.127.net/bqwiuevkyaimbmqcjvealfhejvxzbbth"
            width="60px"
          />
          <div
            class="name"
          >
            pic4
          </div>
        </div>
        <div
          class="item"
        >
          <img
            alt="pic5"
            height="60px"
            src="//ysf.nosdn.127.net/rygnbxiwcgoudyqnzzpypmtxlwpixigf"
            width="60px"
          />
          <div
            class="name"
          >
            pic5
          </div>
        </div>
      </div>
    </div>
    <div
      class="fishd-picturepreview-root fishd-picturepreview-hide"
      data-show="false"
    >
      <div
        class="fishd-picturepreview-mask"
      />
      <div
        class="fishd-picturepreview draggable fishd-picturepreview-hide"
        data-show="false"
      >
        <div
          class="canvas"
        >
          <img
            alt="pic1"
            class="img"
            src="//ysf.nosdn.127.net/xcdbmadptmoftklqvwwxzwlvlorxnzin"
          />
          <img
            alt="pic2"
            class="img"
            src="//ysf.nosdn.127.net/ausunifcvhchdzbexjvxcswemqeojqdf"
          />
          <img
            alt="pic3"
            class="img"
            src="//ysf.nosdn.127.net/ijonlnhjaleturyoittndfkpuhbchdkd"
          />
          <img
            alt="pic4"
            class="img"
            src="//ysf.nosdn.127.net/bqwiuevkyaimbmqcjvealfhejvxzbbth"
          />
          <img
            alt="pic5"
            class="img"
            src="//ysf.nosdn.127.net/rygnbxiwcgoudyqnzzpypmtxlwpixigf"
          />
        </div>
        <i
          class="fishdicon fishdicon-picture-close close"
        />
        <i
          class="fishdicon fishdicon-arrow-line-Bold prev"
        />
        <i
          class="fishdicon fishdicon-arrow-line-Bold next"
        />
        <div
          class="toolbar"
        >
          <div
            class="toolbarTitle fishd-picturepreview-hide"
          >
            NaN/5
          </div>
          <div
            class="toolbarCon"
          >
            <i
              class="fishdicon fishdicon-picture-equal icon"
            />
            <i
              class="fishdicon fishdicon-picture-fullscreen icon"
            />
            <i
              class="fishdicon fishdicon-picture-enlarge icon"
            />
            <i
              class="fishdicon fishdicon-picture-micrify icon icon-disabled"
            />
            <i
              class="fishdicon fishdicon-picture-rotate icon"
            />
            <i
              class="fishdicon fishdicon-picture-download icon"
            />
          </div>
        </div>
      </div>
    </div>
  </div>
  <div>
    <div
      class="demo-picpreview"
    >
      <div
        class="tips"
      >
        点击图片预览
      </div>
      <div
        class="pics"
      >
        <div
          class="item"
        >
          <img
            alt="pic1"
            height="60px"
            src="//ysf.nosdn.127.net/xcdbmadptmoftklqvwwxzwlvlorxnzin"
            width="60px"
          />
          <div
            class="name"
          >
            pic1
          </div>
        </div>
        <div
          class="item"
        >
          <img
            alt="pic2"
            height="60px"
            src="//ysf.nosdn.127.net/ausunifcvhchdzbexjvxcswemqeojqdf"
            width="60px"
          />
          <div
            class="name"
          >
            pic2
          </div>
        </div>
        <div
          class="item"
        >
          <img
            alt="pic3"
            height="60px"
            src="//ysf.nosdn.127.net/ijonlnhjaleturyoittndfkpuhbchdkd"
            width="60px"
          />
          <div
            class="name"
          >
            pic3
          </div>
        </div>
        <div
          class="item"
        >
          <img
            alt="pic4"
            height="60px"
            src="//ysf.nosdn.127.net/bqwiuevkyaimbmqcjvealfhejvxzbbth"
            width="60px"
          />
          <div
            class="name"
          >
            pic4
          </div>
        </div>
        <div
          class="item"
        >
          <img
            alt="pic5"
            height="60px"
            src="//ysf.nosdn.127.net/rygnbxiwcgoudyqnzzpypmtxlwpixigf"
            width="60px"
          />
          <div
            class="name"
          >
            pic5
          </div>
        </div>
      </div>
    </div>
    <div
      class="fishd-picturepreview draggable fishd-picturepreview-hide"
      data-show="false"
    >
      <div
        class="canvas"
      >
        <img
          alt="pic1"
          class="img"
          src="//ysf.nosdn.127.net/xcdbmadptmoftklqvwwxzwlvlorxnzin"
        />
        <img
          alt="pic2"
          class="img"
          src="//ysf.nosdn.127.net/ausunifcvhchdzbexjvxcswemqeojqdf"
        />
        <img
          alt="pic3"
          class="img"
          src="//ysf.nosdn.127.net/ijonlnhjaleturyoittndfkpuhbchdkd"
        />
        <img
          alt="pic4"
          class="img"
          src="//ysf.nosdn.127.net/bqwiuevkyaimbmqcjvealfhejvxzbbth"
        />
        <img
          alt="pic5"
          class="img"
          src="//ysf.nosdn.127.net/rygnbxiwcgoudyqnzzpypmtxlwpixigf"
        />
      </div>
      <i
        class="fishdicon fishdicon-picture-close close"
      />
      <i
        class="fishdicon fishdicon-arrow-line-Bold prev"
      />
      <i
        class="fishdicon fishdicon-arrow-line-Bold next"
      />
      <div
        class="toolbar"
      >
        <div
          class="toolbarTitle fishd-picturepreview-hide"
        >
          NaN/5
        </div>
        <div
          class="toolbarCon"
        >
          <i
            class="fishdicon fishdicon-picture-equal icon"
          />
          <i
            class="fishdicon fishdicon-picture-fullscreen icon"
          />
          <i
            class="fishdicon fishdicon-picture-enlarge icon"
          />
          <i
            class="fishdicon fishdicon-picture-micrify icon icon-disabled"
          />
          <i
            class="fishdicon fishdicon-picture-rotate icon"
          />
          <i
            class="fishdicon fishdicon-picture-download icon"
          />
        </div>
      </div>
    </div>
  </div>
  <div>
    <div
      class="demo-picpreview"
    >
      <div
        class="tips"
      >
        点击图片预览
      </div>
      <div
        class="pics"
      >
        <div
          class="item"
        >
          <img
            alt="pic1"
            height="60px"
            src="//ysf.nosdn.127.net/xcdbmadptmoftklqvwwxzwlvlorxnzin"
            width="60px"
          />
          <div
            class="name"
          >
            pic1
          </div>
        </div>
        <div
          class="item"
        >
          <img
            alt="pic2"
            height="60px"
            src="//ysf.nosdn.127.net/ausunifcvhchdzbexjvxcswemqeojqdf"
            width="60px"
          />
          <div
            class="name"
          >
            pic2
          </div>
        </div>
        <div
          class="item"
        >
          <img
            alt="pic3"
            height="60px"
            src="//ysf.nosdn.127.net/ijonlnhjaleturyoittndfkpuhbchdkd"
            width="60px"
          />
          <div
            class="name"
          >
            pic3
          </div>
        </div>
        <div
          class="item"
        >
          <img
            alt="pic4"
            height="60px"
            src="//ysf.nosdn.127.net/bqwiuevkyaimbmqcjvealfhejvxzbbth"
            width="60px"
          />
          <div
            class="name"
          >
            pic4
          </div>
        </div>
        <div
          class="item"
        >
          <img
            alt="pic5"
            height="60px"
            src="//ysf.nosdn.127.net/rygnbxiwcgoudyqnzzpypmtxlwpixigf"
            width="60px"
          />
          <div
            class="name"
          >
            pic5
          </div>
        </div>
      </div>
    </div>
    <div
      class="fishd-picturepreview-root fishd-picturepreview-hide"
      data-show="false"
    >
      <div
        class="fishd-picturepreview-mask"
      />
      <div
        class="fishd-picturepreview fishd-picturepreview-hide"
        data-show="false"
      >
        <div
          class="canvas"
        />
        <i
          class="fishdicon fishdicon-picture-close close"
        />
        <i
          class="fishdicon fishdicon-arrow-line-Bold prev"
        />
        <i
          class="fishdicon fishdicon-arrow-line-Bold next"
        />
        <div
          class="toolbar fishd-picturepreview-hide"
        >
          <div
            class="toolbarTitle fishd-picturepreview-hide"
          >
            NaN/0
          </div>
          <div
            class="toolbarCon"
          >
            <i
              class="fishdicon fishdicon-picture-equal icon"
            />
            <i
              class="fishdicon fishdicon-picture-fullscreen icon"
            />
            <i
              class="fishdicon fishdicon-picture-enlarge icon"
            />
            <i
              class="fishdicon fishdicon-picture-micrify icon icon-disabled"
            />
            <i
              class="fishdicon fishdicon-picture-rotate icon"
            />
            <i
              class="fishdicon fishdicon-picture-download icon"
            />
          </div>
        </div>
      </div>
    </div>
  </div>
</div>
`;
