// Jest Snapshot v1, https://goo.gl/fbAQLP

exports[`Renders picturePreview demo correctly 1`] = `
<div>
  <div>
    <div
      class="demo-picpreview"
    >
      <div
        class="tips"
      >
        点击图片预览
      </div>
      <div
        class="pics"
      />
    </div>
  </div>
  <div>
    <div
      class="demo-picpreview"
    >
      <div
        class="tips"
      >
        点击图片预览
      </div>
      <div
        class="pics"
      />
    </div>
  </div>
  <div>
    <div
      class="demo-picpreview"
    >
      <div
        class="tips"
      >
        点击图片预览
      </div>
      <div
        class="pics"
      />
    </div>
  </div>
</div>
`;
