// Jest Snapshot v1, https://goo.gl/fbAQLP

exports[`Tag can be controlled by visible 1`] = `
<div
  class="fishd-tag fishd-tag-zoom-appear"
  data-show="true"
/>
`;

exports[`Tag can be controlled by visible 2`] = `
<div
  class="fishd-tag fishd-tag-close"
  data-show="false"
  style="width: 0px;"
/>
`;

exports[`Tag can be controlled by visible 3`] = `null`;
