// Jest Snapshot v1, https://goo.gl/fbAQLP

exports[`Renders checkbox demo correctly 1`] = `
<div>
  <label
    class="fishd-checkbox-wrapper"
  >
    <span
      class="fishd-checkbox"
    >
      <input
        class="fishd-checkbox-input"
        type="checkbox"
      />
      <span
        class="fishd-checkbox-inner"
      />
    </span>
    <span>
      Checkbox
    </span>
  </label>
  <div>
    <label
      class="fishd-checkbox-wrapper"
    >
      <span
        class="fishd-checkbox fishd-checkbox-disabled"
      >
        <input
          class="fishd-checkbox-input"
          disabled=""
          type="checkbox"
        />
        <span
          class="fishd-checkbox-inner"
        />
      </span>
    </label>
    <br />
    <label
      class="fishd-checkbox-wrapper"
    >
      <span
        class="fishd-checkbox fishd-checkbox-checked fishd-checkbox-disabled"
      >
        <input
          checked=""
          class="fishd-checkbox-input"
          disabled=""
          type="checkbox"
        />
        <span
          class="fishd-checkbox-inner"
        />
      </span>
    </label>
  </div>
  <div>
    <p
      style="margin-bottom:20px"
    >
      <label
        class="fishd-checkbox-wrapper"
      >
        <span
          class="fishd-checkbox fishd-checkbox-checked"
        >
          <input
            checked=""
            class="fishd-checkbox-input"
            type="checkbox"
          />
          <span
            class="fishd-checkbox-inner"
          />
        </span>
        <span>
          Checked-Enabled
        </span>
      </label>
    </p>
    <p>
      <button
        class="fishd-btn fishd-btn-primary fishd-btn-sm"
        type="button"
      >
        <span>
          Uncheck
        </span>
      </button>
      <button
        class="fishd-btn fishd-btn-primary fishd-btn-sm"
        style="margin-left:10px"
        type="button"
      >
        <span>
          Disable
        </span>
      </button>
    </p>
  </div>
  <div>
    <div
      class="fishd-checkbox-group"
    >
      <label
        class="fishd-checkbox-group-item fishd-checkbox-wrapper"
      >
        <span
          class="fishd-checkbox fishd-checkbox-checked"
        >
          <input
            checked=""
            class="fishd-checkbox-input"
            type="checkbox"
            value="Apple"
          />
          <span
            class="fishd-checkbox-inner"
          />
        </span>
        <span>
          Apple
        </span>
      </label>
      <label
        class="fishd-checkbox-group-item fishd-checkbox-wrapper"
      >
        <span
          class="fishd-checkbox"
        >
          <input
            class="fishd-checkbox-input"
            type="checkbox"
            value="Pear"
          />
          <span
            class="fishd-checkbox-inner"
          />
        </span>
        <span>
          Pear
        </span>
      </label>
      <label
        class="fishd-checkbox-group-item fishd-checkbox-wrapper"
      >
        <span
          class="fishd-checkbox"
        >
          <input
            class="fishd-checkbox-input"
            type="checkbox"
            value="Orange"
          />
          <span
            class="fishd-checkbox-inner"
          />
        </span>
        <span>
          Orange
        </span>
      </label>
    </div>
    <br />
    <br />
    <div
      class="fishd-checkbox-group"
    >
      <label
        class="fishd-checkbox-group-item fishd-checkbox-wrapper"
      >
        <span
          class="fishd-checkbox"
        >
          <input
            class="fishd-checkbox-input"
            type="checkbox"
            value="Apple"
          />
          <span
            class="fishd-checkbox-inner"
          />
        </span>
        <span>
          Apple
        </span>
      </label>
      <label
        class="fishd-checkbox-group-item fishd-checkbox-wrapper"
      >
        <span
          class="fishd-checkbox fishd-checkbox-checked"
        >
          <input
            checked=""
            class="fishd-checkbox-input"
            type="checkbox"
            value="Pear"
          />
          <span
            class="fishd-checkbox-inner"
          />
        </span>
        <span>
          Pear
        </span>
      </label>
      <label
        class="fishd-checkbox-group-item fishd-checkbox-wrapper"
      >
        <span
          class="fishd-checkbox"
        >
          <input
            class="fishd-checkbox-input"
            type="checkbox"
            value="Orange"
          />
          <span
            class="fishd-checkbox-inner"
          />
        </span>
        <span>
          Orange
        </span>
      </label>
    </div>
    <br />
    <br />
    <div
      class="fishd-checkbox-group"
    >
      <label
        class="fishd-checkbox-group-item fishd-checkbox-wrapper"
      >
        <span
          class="fishd-checkbox fishd-checkbox-checked fishd-checkbox-disabled"
        >
          <input
            checked=""
            class="fishd-checkbox-input"
            disabled=""
            type="checkbox"
            value="Apple"
          />
          <span
            class="fishd-checkbox-inner"
          />
        </span>
        <span>
          Apple
        </span>
      </label>
      <label
        class="fishd-checkbox-group-item fishd-checkbox-wrapper"
      >
        <span
          class="fishd-checkbox fishd-checkbox-disabled"
        >
          <input
            class="fishd-checkbox-input"
            disabled=""
            type="checkbox"
            value="Pear"
          />
          <span
            class="fishd-checkbox-inner"
          />
        </span>
        <span>
          Pear
        </span>
      </label>
      <label
        class="fishd-checkbox-group-item fishd-checkbox-wrapper"
      >
        <span
          class="fishd-checkbox fishd-checkbox-disabled"
        >
          <input
            class="fishd-checkbox-input"
            disabled=""
            type="checkbox"
            value="Orange"
          />
          <span
            class="fishd-checkbox-inner"
          />
        </span>
        <span>
          Orange
        </span>
      </label>
    </div>
  </div>
  <div>
    <div
      style="border-bottom:1px solid #E9E9E9"
    >
      <label
        class="fishd-checkbox-wrapper"
      >
        <span
          class="fishd-checkbox fishd-checkbox-indeterminate"
        >
          <input
            class="fishd-checkbox-input"
            type="checkbox"
          />
          <span
            class="fishd-checkbox-inner"
          />
        </span>
        <span>
          Check all
        </span>
      </label>
    </div>
    <br />
    <div
      class="fishd-checkbox-group"
    >
      <label
        class="fishd-checkbox-group-item fishd-checkbox-wrapper"
      >
        <span
          class="fishd-checkbox fishd-checkbox-checked"
        >
          <input
            checked=""
            class="fishd-checkbox-input"
            type="checkbox"
            value="Apple"
          />
          <span
            class="fishd-checkbox-inner"
          />
        </span>
        <span>
          Apple
        </span>
      </label>
      <label
        class="fishd-checkbox-group-item fishd-checkbox-wrapper"
      >
        <span
          class="fishd-checkbox"
        >
          <input
            class="fishd-checkbox-input"
            type="checkbox"
            value="Pear"
          />
          <span
            class="fishd-checkbox-inner"
          />
        </span>
        <span>
          Pear
        </span>
      </label>
      <label
        class="fishd-checkbox-group-item fishd-checkbox-wrapper"
      >
        <span
          class="fishd-checkbox fishd-checkbox-checked"
        >
          <input
            checked=""
            class="fishd-checkbox-input"
            type="checkbox"
            value="Orange"
          />
          <span
            class="fishd-checkbox-inner"
          />
        </span>
        <span>
          Orange
        </span>
      </label>
    </div>
  </div>
  <div
    class="fishd-checkbox-group"
    style="width:100%"
  >
    <div
      class="fishd-row"
    >
      <div
        class="fishd-col-8"
      >
        <label
          class="fishd-checkbox-wrapper"
        >
          <span
            class="fishd-checkbox"
          >
            <input
              class="fishd-checkbox-input"
              type="checkbox"
              value="A"
            />
            <span
              class="fishd-checkbox-inner"
            />
          </span>
          <span>
            A
          </span>
        </label>
      </div>
      <div
        class="fishd-col-8"
      >
        <label
          class="fishd-checkbox-wrapper"
        >
          <span
            class="fishd-checkbox"
          >
            <input
              class="fishd-checkbox-input"
              type="checkbox"
              value="B"
            />
            <span
              class="fishd-checkbox-inner"
            />
          </span>
          <span>
            B
          </span>
        </label>
      </div>
      <div
        class="fishd-col-8"
      >
        <label
          class="fishd-checkbox-wrapper"
        >
          <span
            class="fishd-checkbox"
          >
            <input
              class="fishd-checkbox-input"
              type="checkbox"
              value="C"
            />
            <span
              class="fishd-checkbox-inner"
            />
          </span>
          <span>
            C
          </span>
        </label>
      </div>
      <div
        class="fishd-col-8"
      >
        <label
          class="fishd-checkbox-wrapper"
        >
          <span
            class="fishd-checkbox"
          >
            <input
              class="fishd-checkbox-input"
              type="checkbox"
              value="D"
            />
            <span
              class="fishd-checkbox-inner"
            />
          </span>
          <span>
            D
          </span>
        </label>
      </div>
      <div
        class="fishd-col-8"
      >
        <label
          class="fishd-checkbox-wrapper"
        >
          <span
            class="fishd-checkbox"
          >
            <input
              class="fishd-checkbox-input"
              type="checkbox"
              value="E"
            />
            <span
              class="fishd-checkbox-inner"
            />
          </span>
          <span>
            E
          </span>
        </label>
      </div>
    </div>
  </div>
</div>
`;
