// Jest Snapshot v1, https://goo.gl/fbAQLP

exports[`List should render correctly 1`] = `
<div
  class="fishd-transfer-list"
>
  <div
    class="fishd-transfer-list-header"
  >
    <span
      class="fishd-transfer-list-header-title"
    />
    <span
      class="fishd-transfer-list-header-selected"
    >
      3 
    </span>
  </div>
  <div
    class="fishd-transfer-list-body"
  >
    <ul
      class="fishd-transfer-list-content"
    >
      <li
        class="fishd-transfer-list-content-item"
      >
        <span
          class="fishd-transfer-list-content-item-text"
        >
          <span />
        </span>
      </li>
      <li
        class="fishd-transfer-list-content-item"
      >
        <span
          class="fishd-transfer-list-content-item-text"
        >
          <span />
        </span>
      </li>
      <li
        class="fishd-transfer-list-content-item fishd-transfer-list-content-item-disabled"
      >
        <span
          class="fishd-transfer-list-content-item-text"
        >
          <span />
        </span>
      </li>
    </ul>
    <div
      class="fishd-transfer-list-body-not-found"
    >
      Not Found
    </div>
  </div>
</div>
`;
