// Jest Snapshot v1, https://goo.gl/fbAQLP

exports[`Renders slider demo correctly 1`] = `
<div>
  <div
    class="code-box-demo"
  >
    <div
      class="fishd-slider"
    >
      <div
        class="fishd-slider-rail"
      />
      <div
        class="fishd-slider-track"
        style="left:0%;width:30%"
      />
      <div
        class="fishd-slider-step"
      />
      <div
        aria-disabled="false"
        aria-valuemax="100"
        aria-valuemin="0"
        aria-valuenow="30"
        class="fishd-slider-handle"
        role="slider"
        style="left:30%"
        tabindex="0"
      />
      <div
        class="fishd-slider-mark"
      />
    </div>
    <div
      class="fishd-slider"
    >
      <div
        class="fishd-slider-rail"
      />
      <div
        class="fishd-slider-track fishd-slider-track-1"
        style="left:20%;width:30%"
      />
      <div
        class="fishd-slider-step"
      />
      <div
        aria-disabled="false"
        aria-valuemax="100"
        aria-valuemin="0"
        aria-valuenow="20"
        class="fishd-slider-handle fishd-slider-handle-1"
        role="slider"
        style="left:20%"
        tabindex="0"
      />
      <div
        aria-disabled="false"
        aria-valuemax="100"
        aria-valuemin="0"
        aria-valuenow="50"
        class="fishd-slider-handle fishd-slider-handle-2"
        role="slider"
        style="left:50%"
        tabindex="0"
      />
      <div
        class="fishd-slider-mark"
      />
    </div>
    Disabled: 
    <span
      class="fishd-switch-small fishd-switch"
      tabindex="0"
    >
      <span
        class="fishd-switch-inner"
      />
    </span>
  </div>
  <div
    class="code-box-demo"
  >
    <div
      class="fishd-slider"
    >
      <div
        class="fishd-slider-all-handle"
        style="position:absolute"
      />
      <div
        class="fishd-slider-rail"
      />
      <div
        class="fishd-slider-track"
        style="left:0%;width:30%"
      />
      <div
        class="fishd-slider-step"
      />
      <div
        aria-disabled="false"
        aria-valuemax="100"
        aria-valuemin="0"
        aria-valuenow="30"
        class="fishd-slider-handle"
        role="slider"
        style="left:30%"
        tabindex="0"
      />
      <div
        class="fishd-slider-mark"
      />
    </div>
  </div>
  <div>
    <div
      class="fishd-row"
    >
      <div
        class="fishd-col-12"
      >
        <div
          class="fishd-slider"
        >
          <div
            class="fishd-slider-rail"
          />
          <div
            class="fishd-slider-track"
            style="left:0%;width:0%"
          />
          <div
            class="fishd-slider-step"
          />
          <div
            aria-disabled="false"
            aria-valuemax="20"
            aria-valuemin="1"
            aria-valuenow="1"
            class="fishd-slider-handle"
            role="slider"
            style="left:0%"
            tabindex="0"
          />
          <div
            class="fishd-slider-mark"
          />
        </div>
      </div>
      <div
        class="fishd-col-4"
      >
        <div
          class="fishd-input-number fishd-input-number-out-of-range"
          style="margin-left:16px"
        >
          <div
            class="fishd-input-number-handler-wrap"
          >
            <span
              aria-disabled="false"
              aria-label="Increase Value"
              class="fishd-input-number-handler fishd-input-number-handler-up"
              role="button"
              unselectable="on"
            >
              <span
                class="fishd-input-number-handler-up-inner"
                unselectable="on"
              />
            </span>
            <span
              aria-disabled="true"
              aria-label="Decrease Value"
              class="fishd-input-number-handler fishd-input-number-handler-down fishd-input-number-handler-down-disabled"
              role="button"
              unselectable="on"
            >
              <span
                class="fishd-input-number-handler-down-inner"
                unselectable="on"
              />
            </span>
          </div>
          <div
            class="fishd-input-number-input-wrap"
          >
            <input
              aria-valuemax="20"
              aria-valuemin="1"
              aria-valuenow="0"
              autocomplete="off"
              class="fishd-input-number-input"
              role="spinbutton"
              step="1"
              value="0"
            />
          </div>
        </div>
      </div>
    </div>
    <div
      class="fishd-row"
    >
      <div
        class="fishd-col-12"
      >
        <div
          class="fishd-slider"
        >
          <div
            class="fishd-slider-rail"
          />
          <div
            class="fishd-slider-track"
            style="left:0%;width:0%"
          />
          <div
            class="fishd-slider-step"
          />
          <div
            aria-disabled="false"
            aria-valuemax="1"
            aria-valuemin="0"
            aria-valuenow="0"
            class="fishd-slider-handle"
            role="slider"
            style="left:0%"
            tabindex="0"
          />
          <div
            class="fishd-slider-mark"
          />
        </div>
      </div>
      <div
        class="fishd-col-4"
      >
        <div
          class="fishd-input-number"
          style="margin-left:16px"
        >
          <div
            class="fishd-input-number-handler-wrap"
          >
            <span
              aria-disabled="false"
              aria-label="Increase Value"
              class="fishd-input-number-handler fishd-input-number-handler-up"
              role="button"
              unselectable="on"
            >
              <span
                class="fishd-input-number-handler-up-inner"
                unselectable="on"
              />
            </span>
            <span
              aria-disabled="true"
              aria-label="Decrease Value"
              class="fishd-input-number-handler fishd-input-number-handler-down fishd-input-number-handler-down-disabled"
              role="button"
              unselectable="on"
            >
              <span
                class="fishd-input-number-handler-down-inner"
                unselectable="on"
              />
            </span>
          </div>
          <div
            class="fishd-input-number-input-wrap"
          >
            <input
              aria-valuemax="1"
              aria-valuemin="0"
              aria-valuenow="0"
              autocomplete="off"
              class="fishd-input-number-input"
              role="spinbutton"
              step="0.01"
              value="0.00"
            />
          </div>
        </div>
      </div>
    </div>
  </div>
  <div
    class="icon-wrapper"
  >
    <div
      class="img-icon-14 fishdicon"
    />
    <div
      class="fishd-slider"
    >
      <div
        class="fishd-slider-rail"
      />
      <div
        class="fishd-slider-track"
        style="left:0%;width:0%"
      />
      <div
        class="fishd-slider-step"
      />
      <div
        aria-disabled="false"
        aria-valuemax="20"
        aria-valuemin="0"
        aria-valuenow="0"
        class="fishd-slider-handle"
        role="slider"
        style="left:0%"
        tabindex="0"
      />
      <div
        class="fishd-slider-mark"
      />
    </div>
    <div
      class="img-icon-14 fishdicon"
    />
  </div>
  <div>
    <div
      class="fishd-slider"
    >
      <div
        class="fishd-slider-rail"
      />
      <div
        class="fishd-slider-track"
        style="left:0%;width:0%"
      />
      <div
        class="fishd-slider-step"
      />
      <div
        aria-disabled="false"
        aria-valuemax="100"
        aria-valuemin="0"
        aria-valuenow="0"
        class="fishd-slider-handle"
        role="slider"
        style="left:0%"
        tabindex="0"
      />
      <div
        class="fishd-slider-mark"
      />
    </div>
    <div
      class="fishd-slider"
    >
      <div
        class="fishd-slider-rail"
      />
      <div
        class="fishd-slider-track"
        style="left:0%;width:0%"
      />
      <div
        class="fishd-slider-step"
      />
      <div
        aria-disabled="false"
        aria-valuemax="100"
        aria-valuemin="0"
        aria-valuenow="0"
        class="fishd-slider-handle"
        role="slider"
        style="left:0%"
        tabindex="0"
      />
      <div
        class="fishd-slider-mark"
      />
    </div>
  </div>
  <div>
    <div
      class="fishd-slider"
    >
      <div
        class="fishd-slider-rail"
      />
      <div
        class="fishd-slider-track"
        style="left:0%;width:30%"
      />
      <div
        class="fishd-slider-step"
      />
      <div
        aria-disabled="false"
        aria-valuemax="100"
        aria-valuemin="0"
        aria-valuenow="30"
        class="fishd-slider-handle"
        role="slider"
        style="left:30%"
        tabindex="0"
      />
      <div
        class="fishd-slider-mark"
      />
    </div>
    <div
      class="fishd-slider"
    >
      <div
        class="fishd-slider-rail"
      />
      <div
        class="fishd-slider-track fishd-slider-track-1"
        style="left:20%;width:30%"
      />
      <div
        class="fishd-slider-step"
      />
      <div
        aria-disabled="false"
        aria-valuemax="100"
        aria-valuemin="0"
        aria-valuenow="20"
        class="fishd-slider-handle fishd-slider-handle-1"
        role="slider"
        style="left:20%"
        tabindex="0"
      />
      <div
        aria-disabled="false"
        aria-valuemax="100"
        aria-valuemin="0"
        aria-valuenow="50"
        class="fishd-slider-handle fishd-slider-handle-2"
        role="slider"
        style="left:50%"
        tabindex="0"
      />
      <div
        class="fishd-slider-mark"
      />
    </div>
  </div>
  <div
    id="components-slider-demo-mark"
  >
    <h4>
      included=true
    </h4>
    <div
      class="fishd-slider fishd-slider-with-marks"
    >
      <div
        class="fishd-slider-rail"
      />
      <div
        class="fishd-slider-track"
        style="left:0%;width:37%"
      />
      <div
        class="fishd-slider-step"
      >
        <span
          class="fishd-slider-dot fishd-slider-dot-active"
          style="left:0%"
        />
        <span
          class="fishd-slider-dot fishd-slider-dot-active"
          style="left:26%"
        />
        <span
          class="fishd-slider-dot fishd-slider-dot-active"
          style="left:37%"
        />
        <span
          class="fishd-slider-dot"
          style="left:100%"
        />
      </div>
      <div
        aria-disabled="false"
        aria-valuemax="100"
        aria-valuemin="0"
        aria-valuenow="37"
        class="fishd-slider-handle"
        role="slider"
        style="left:37%"
        tabindex="0"
      />
      <div
        class="fishd-slider-mark"
      >
        <span
          class="fishd-slider-mark-text fishd-slider-mark-text-active"
          style="width:30.000000000000004%;margin-left:-15.000000000000002%;left:0%"
        >
          0°C
        </span>
        <span
          class="fishd-slider-mark-text fishd-slider-mark-text-active"
          style="width:30.000000000000004%;margin-left:-15.000000000000002%;left:26%"
        >
          26°C
        </span>
        <span
          class="fishd-slider-mark-text fishd-slider-mark-text-active"
          style="width:30.000000000000004%;margin-left:-15.000000000000002%;left:37%"
        >
          37°C
        </span>
        <span
          class="fishd-slider-mark-text"
          style="width:30.000000000000004%;margin-left:-15.000000000000002%;left:100%;color:#f50"
        >
          <strong>
            100°C
          </strong>
        </span>
      </div>
    </div>
    <div
      class="fishd-slider fishd-slider-with-marks"
    >
      <div
        class="fishd-slider-rail"
      />
      <div
        class="fishd-slider-track fishd-slider-track-1"
        style="left:26%;width:11%"
      />
      <div
        class="fishd-slider-step"
      >
        <span
          class="fishd-slider-dot"
          style="left:0%"
        />
        <span
          class="fishd-slider-dot fishd-slider-dot-active"
          style="left:26%"
        />
        <span
          class="fishd-slider-dot fishd-slider-dot-active"
          style="left:37%"
        />
        <span
          class="fishd-slider-dot"
          style="left:100%"
        />
      </div>
      <div
        aria-disabled="false"
        aria-valuemax="100"
        aria-valuemin="0"
        aria-valuenow="26"
        class="fishd-slider-handle fishd-slider-handle-1"
        role="slider"
        style="left:26%"
        tabindex="0"
      />
      <div
        aria-disabled="false"
        aria-valuemax="100"
        aria-valuemin="0"
        aria-valuenow="37"
        class="fishd-slider-handle fishd-slider-handle-2"
        role="slider"
        style="left:37%"
        tabindex="0"
      />
      <div
        class="fishd-slider-mark"
      >
        <span
          class="fishd-slider-mark-text"
          style="width:30.000000000000004%;margin-left:-15.000000000000002%;left:0%"
        >
          0°C
        </span>
        <span
          class="fishd-slider-mark-text fishd-slider-mark-text-active"
          style="width:30.000000000000004%;margin-left:-15.000000000000002%;left:26%"
        >
          26°C
        </span>
        <span
          class="fishd-slider-mark-text fishd-slider-mark-text-active"
          style="width:30.000000000000004%;margin-left:-15.000000000000002%;left:37%"
        >
          37°C
        </span>
        <span
          class="fishd-slider-mark-text"
          style="width:30.000000000000004%;margin-left:-15.000000000000002%;left:100%;color:#f50"
        >
          <strong>
            100°C
          </strong>
        </span>
      </div>
    </div>
    <h4>
      included=false
    </h4>
    <div
      class="fishd-slider fishd-slider-with-marks"
    >
      <div
        class="fishd-slider-rail"
      />
      <div
        class="fishd-slider-step"
      >
        <span
          class="fishd-slider-dot"
          style="left:0%"
        />
        <span
          class="fishd-slider-dot"
          style="left:26%"
        />
        <span
          class="fishd-slider-dot fishd-slider-dot-active"
          style="left:37%"
        />
        <span
          class="fishd-slider-dot"
          style="left:100%"
        />
      </div>
      <div
        aria-disabled="false"
        aria-valuemax="100"
        aria-valuemin="0"
        aria-valuenow="37"
        class="fishd-slider-handle"
        role="slider"
        style="left:37%"
        tabindex="0"
      />
      <div
        class="fishd-slider-mark"
      >
        <span
          class="fishd-slider-mark-text"
          style="width:30.000000000000004%;margin-left:-15.000000000000002%;left:0%"
        >
          0°C
        </span>
        <span
          class="fishd-slider-mark-text"
          style="width:30.000000000000004%;margin-left:-15.000000000000002%;left:26%"
        >
          26°C
        </span>
        <span
          class="fishd-slider-mark-text fishd-slider-mark-text-active"
          style="width:30.000000000000004%;margin-left:-15.000000000000002%;left:37%"
        >
          37°C
        </span>
        <span
          class="fishd-slider-mark-text"
          style="width:30.000000000000004%;margin-left:-15.000000000000002%;left:100%;color:#f50"
        >
          <strong>
            100°C
          </strong>
        </span>
      </div>
    </div>
    <h4>
      marks & step
    </h4>
    <div
      class="fishd-slider fishd-slider-with-marks"
    >
      <div
        class="fishd-slider-rail"
      />
      <div
        class="fishd-slider-track"
        style="left:0%;width:37%"
      />
      <div
        class="fishd-slider-step"
      >
        <span
          class="fishd-slider-dot fishd-slider-dot-active"
          style="left:0%"
        />
        <span
          class="fishd-slider-dot fishd-slider-dot-active"
          style="left:26%"
        />
        <span
          class="fishd-slider-dot fishd-slider-dot-active"
          style="left:37%"
        />
        <span
          class="fishd-slider-dot"
          style="left:100%"
        />
      </div>
      <div
        aria-disabled="false"
        aria-valuemax="100"
        aria-valuemin="0"
        aria-valuenow="37"
        class="fishd-slider-handle"
        role="slider"
        style="left:37%"
        tabindex="0"
      />
      <div
        class="fishd-slider-mark"
      >
        <span
          class="fishd-slider-mark-text fishd-slider-mark-text-active"
          style="width:30.000000000000004%;margin-left:-15.000000000000002%;left:0%"
        >
          0°C
        </span>
        <span
          class="fishd-slider-mark-text fishd-slider-mark-text-active"
          style="width:30.000000000000004%;margin-left:-15.000000000000002%;left:26%"
        >
          26°C
        </span>
        <span
          class="fishd-slider-mark-text fishd-slider-mark-text-active"
          style="width:30.000000000000004%;margin-left:-15.000000000000002%;left:37%"
        >
          37°C
        </span>
        <span
          class="fishd-slider-mark-text"
          style="width:30.000000000000004%;margin-left:-15.000000000000002%;left:100%;color:#f50"
        >
          <strong>
            100°C
          </strong>
        </span>
      </div>
    </div>
    <h4>
      step=null
    </h4>
    <div
      class="fishd-slider fishd-slider-with-marks"
    >
      <div
        class="fishd-slider-rail"
      />
      <div
        class="fishd-slider-track"
        style="left:0%;width:37%"
      />
      <div
        class="fishd-slider-step"
      >
        <span
          class="fishd-slider-dot fishd-slider-dot-active"
          style="left:0%"
        />
        <span
          class="fishd-slider-dot fishd-slider-dot-active"
          style="left:26%"
        />
        <span
          class="fishd-slider-dot fishd-slider-dot-active"
          style="left:37%"
        />
        <span
          class="fishd-slider-dot"
          style="left:100%"
        />
      </div>
      <div
        aria-disabled="false"
        aria-valuemax="100"
        aria-valuemin="0"
        aria-valuenow="37"
        class="fishd-slider-handle"
        role="slider"
        style="left:37%"
        tabindex="0"
      />
      <div
        class="fishd-slider-mark"
      >
        <span
          class="fishd-slider-mark-text fishd-slider-mark-text-active"
          style="width:30.000000000000004%;margin-left:-15.000000000000002%;left:0%"
        >
          0°C
        </span>
        <span
          class="fishd-slider-mark-text fishd-slider-mark-text-active"
          style="width:30.000000000000004%;margin-left:-15.000000000000002%;left:26%"
        >
          26°C
        </span>
        <span
          class="fishd-slider-mark-text fishd-slider-mark-text-active"
          style="width:30.000000000000004%;margin-left:-15.000000000000002%;left:37%"
        >
          37°C
        </span>
        <span
          class="fishd-slider-mark-text"
          style="width:30.000000000000004%;margin-left:-15.000000000000002%;left:100%;color:#f50"
        >
          <strong>
            100°C
          </strong>
        </span>
      </div>
    </div>
  </div>
  <div
    style="height:300px"
  >
    <div
      style="float:left;height:300px;margin-left:70px"
    >
      <div
        class="fishd-slider fishd-slider-vertical"
      >
        <div
          class="fishd-slider-rail"
        />
        <div
          class="fishd-slider-track"
          style="bottom:0%;height:30%"
        />
        <div
          class="fishd-slider-step"
        />
        <div
          aria-disabled="false"
          aria-valuemax="100"
          aria-valuemin="0"
          aria-valuenow="30"
          class="fishd-slider-handle"
          role="slider"
          style="bottom:30%"
          tabindex="0"
        />
        <div
          class="fishd-slider-mark"
        />
      </div>
    </div>
    <div
      style="float:left;height:300px;margin-left:70px"
    >
      <div
        class="fishd-slider fishd-slider-vertical"
      >
        <div
          class="fishd-slider-rail"
        />
        <div
          class="fishd-slider-track fishd-slider-track-1"
          style="bottom:20%;height:30%"
        />
        <div
          class="fishd-slider-step"
        />
        <div
          aria-disabled="false"
          aria-valuemax="100"
          aria-valuemin="0"
          aria-valuenow="20"
          class="fishd-slider-handle fishd-slider-handle-1"
          role="slider"
          style="bottom:20%"
          tabindex="0"
        />
        <div
          aria-disabled="false"
          aria-valuemax="100"
          aria-valuemin="0"
          aria-valuenow="50"
          class="fishd-slider-handle fishd-slider-handle-2"
          role="slider"
          style="bottom:50%"
          tabindex="0"
        />
        <div
          class="fishd-slider-mark"
        />
      </div>
    </div>
    <div
      style="float:left;height:300px;margin-left:70px"
    >
      <div
        class="fishd-slider fishd-slider-with-marks fishd-slider-vertical"
      >
        <div
          class="fishd-slider-rail"
        />
        <div
          class="fishd-slider-track fishd-slider-track-1"
          style="bottom:26%;height:11%"
        />
        <div
          class="fishd-slider-step"
        >
          <span
            class="fishd-slider-dot"
            style="bottom:0%"
          />
          <span
            class="fishd-slider-dot fishd-slider-dot-active"
            style="bottom:26%"
          />
          <span
            class="fishd-slider-dot fishd-slider-dot-active"
            style="bottom:37%"
          />
          <span
            class="fishd-slider-dot"
            style="bottom:100%"
          />
        </div>
        <div
          aria-disabled="false"
          aria-valuemax="100"
          aria-valuemin="0"
          aria-valuenow="26"
          class="fishd-slider-handle fishd-slider-handle-1"
          role="slider"
          style="bottom:26%"
          tabindex="0"
        />
        <div
          aria-disabled="false"
          aria-valuemax="100"
          aria-valuemin="0"
          aria-valuenow="37"
          class="fishd-slider-handle fishd-slider-handle-2"
          role="slider"
          style="bottom:37%"
          tabindex="0"
        />
        <div
          class="fishd-slider-mark"
        >
          <span
            class="fishd-slider-mark-text"
            style="margin-bottom:-50%;bottom:0%"
          >
            0°C
          </span>
          <span
            class="fishd-slider-mark-text fishd-slider-mark-text-active"
            style="margin-bottom:-50%;bottom:26%"
          >
            26°C
          </span>
          <span
            class="fishd-slider-mark-text fishd-slider-mark-text-active"
            style="margin-bottom:-50%;bottom:37%"
          >
            37°C
          </span>
          <span
            class="fishd-slider-mark-text"
            style="margin-bottom:-50%;bottom:100%;color:#f50"
          >
            <strong>
              100°C
            </strong>
          </span>
        </div>
      </div>
    </div>
  </div>
</div>
`;
