// Jest Snapshot v1, https://goo.gl/fbAQLP

exports[`Renders card demo correctly 1`] = `
<div>
  <div
    class="fishd-card fishd-card-bordered"
    style="width:300px"
  >
    <div
      class="fishd-card-head"
    >
      <div
        class="fishd-card-head-wrapper"
      >
        <div
          class="fishd-card-head-title"
        >
          Card title
        </div>
        <div
          class="fishd-card-extra"
        >
          <a
            href="#"
          >
            More
          </a>
        </div>
      </div>
    </div>
    <div
      class="fishd-card-body"
    >
      <p>
        Card content
      </p>
      <p>
        Card content
      </p>
      <p>
        Card content
      </p>
    </div>
  </div>
  <div
    style="background:#ECECEC;padding:30px"
  >
    <div
      class="fishd-card"
      style="width:300px"
    >
      <div
        class="fishd-card-head"
      >
        <div
          class="fishd-card-head-wrapper"
        >
          <div
            class="fishd-card-head-title"
          >
            Card title
          </div>
        </div>
      </div>
      <div
        class="fishd-card-body"
      >
        <p>
          Card content
        </p>
        <p>
          Card content
        </p>
        <p>
          Card content
        </p>
      </div>
    </div>
  </div>
  <div
    class="fishd-card fishd-card-bordered"
    style="width:300px"
  >
    <div
      class="fishd-card-body"
    >
      <p>
        Card content
      </p>
      <p>
        Card content
      </p>
      <p>
        Card content
      </p>
    </div>
  </div>
  <div
    class="fishd-card fishd-card-bordered fishd-card-hoverable"
    style="width:240px"
  >
    <div
      class="fishd-card-cover"
    >
      <img
        alt="example"
        src="https://os.alipayobjects.com/rmsportal/QBnOOoLaAfKPirc.png"
      />
    </div>
    <div
      class="fishd-card-body"
    >
      <div
        class="fishd-card-meta"
      >
        <div
          class="fishd-card-meta-detail"
        >
          <div
            class="fishd-card-meta-title"
          >
            Europe Street beat
          </div>
          <div
            class="fishd-card-meta-description"
          >
            www.instagram.com
          </div>
        </div>
      </div>
    </div>
  </div>
  <div
    style="background:#ECECEC;padding:30px"
  >
    <div
      class="fishd-row"
      style="margin-left:-8px;margin-right:-8px"
    >
      <div
        class="fishd-col-8"
        style="padding-left:8px;padding-right:8px"
      >
        <div
          class="fishd-card"
        >
          <div
            class="fishd-card-head"
          >
            <div
              class="fishd-card-head-wrapper"
            >
              <div
                class="fishd-card-head-title"
              >
                Card title
              </div>
            </div>
          </div>
          <div
            class="fishd-card-body"
          >
            Card content
          </div>
        </div>
      </div>
      <div
        class="fishd-col-8"
        style="padding-left:8px;padding-right:8px"
      >
        <div
          class="fishd-card"
        >
          <div
            class="fishd-card-head"
          >
            <div
              class="fishd-card-head-wrapper"
            >
              <div
                class="fishd-card-head-title"
              >
                Card title
              </div>
            </div>
          </div>
          <div
            class="fishd-card-body"
          >
            Card content
          </div>
        </div>
      </div>
      <div
        class="fishd-col-8"
        style="padding-left:8px;padding-right:8px"
      >
        <div
          class="fishd-card"
        >
          <div
            class="fishd-card-head"
          >
            <div
              class="fishd-card-head-wrapper"
            >
              <div
                class="fishd-card-head-title"
              >
                Card title
              </div>
            </div>
          </div>
          <div
            class="fishd-card-body"
          >
            Card content
          </div>
        </div>
      </div>
    </div>
  </div>
  <div>
    <div
      class="fishd-card fishd-card-loading fishd-card-bordered"
    >
      <div
        class="fishd-card-head"
      >
        <div
          class="fishd-card-head-wrapper"
        >
          <div
            class="fishd-card-head-title"
          >
            Card title
          </div>
        </div>
      </div>
      <div
        class="fishd-card-body"
      >
        <div
          class="fishd-card-loading-content"
        >
          <div
            class="fishd-row"
            style="margin-left:-4px;margin-right:-4px"
          >
            <div
              class="fishd-col-22"
              style="padding-left:4px;padding-right:4px"
            >
              <div
                class="fishd-card-loading-block"
              />
            </div>
          </div>
          <div
            class="fishd-row"
            style="margin-left:-4px;margin-right:-4px"
          >
            <div
              class="fishd-col-8"
              style="padding-left:4px;padding-right:4px"
            >
              <div
                class="fishd-card-loading-block"
              />
            </div>
            <div
              class="fishd-col-15"
              style="padding-left:4px;padding-right:4px"
            >
              <div
                class="fishd-card-loading-block"
              />
            </div>
          </div>
          <div
            class="fishd-row"
            style="margin-left:-4px;margin-right:-4px"
          >
            <div
              class="fishd-col-6"
              style="padding-left:4px;padding-right:4px"
            >
              <div
                class="fishd-card-loading-block"
              />
            </div>
            <div
              class="fishd-col-18"
              style="padding-left:4px;padding-right:4px"
            >
              <div
                class="fishd-card-loading-block"
              />
            </div>
          </div>
          <div
            class="fishd-row"
            style="margin-left:-4px;margin-right:-4px"
          >
            <div
              class="fishd-col-13"
              style="padding-left:4px;padding-right:4px"
            >
              <div
                class="fishd-card-loading-block"
              />
            </div>
            <div
              class="fishd-col-9"
              style="padding-left:4px;padding-right:4px"
            >
              <div
                class="fishd-card-loading-block"
              />
            </div>
          </div>
          <div
            class="fishd-row"
            style="margin-left:-4px;margin-right:-4px"
          >
            <div
              class="fishd-col-4"
              style="padding-left:4px;padding-right:4px"
            >
              <div
                class="fishd-card-loading-block"
              />
            </div>
            <div
              class="fishd-col-3"
              style="padding-left:4px;padding-right:4px"
            >
              <div
                class="fishd-card-loading-block"
              />
            </div>
            <div
              class="fishd-col-16"
              style="padding-left:4px;padding-right:4px"
            >
              <div
                class="fishd-card-loading-block"
              />
            </div>
          </div>
          <div
            class="fishd-row"
            style="margin-left:-4px;margin-right:-4px"
          >
            <div
              class="fishd-col-8"
              style="padding-left:4px;padding-right:4px"
            >
              <div
                class="fishd-card-loading-block"
              />
            </div>
            <div
              class="fishd-col-6"
              style="padding-left:4px;padding-right:4px"
            >
              <div
                class="fishd-card-loading-block"
              />
            </div>
            <div
              class="fishd-col-8"
              style="padding-left:4px;padding-right:4px"
            >
              <div
                class="fishd-card-loading-block"
              />
            </div>
          </div>
        </div>
      </div>
    </div>
    <button
      class="fishd-btn"
      style="margin-top:16px"
      type="button"
    >
      <span>
        Toggle loading
      </span>
    </button>
  </div>
  <div
    class="fishd-card fishd-card-bordered fishd-card-contain-grid"
  >
    <div
      class="fishd-card-head"
    >
      <div
        class="fishd-card-head-wrapper"
      >
        <div
          class="fishd-card-head-title"
        >
          Card Title
        </div>
      </div>
    </div>
    <div
      class="fishd-card-body"
    >
      <div
        class="fishd-card-grid"
        style="width:25%;text-align:center"
      >
        Content
      </div>
      <div
        class="fishd-card-grid"
        style="width:25%;text-align:center"
      >
        Content
      </div>
      <div
        class="fishd-card-grid"
        style="width:25%;text-align:center"
      >
        Content
      </div>
      <div
        class="fishd-card-grid"
        style="width:25%;text-align:center"
      >
        Content
      </div>
      <div
        class="fishd-card-grid"
        style="width:25%;text-align:center"
      >
        Content
      </div>
      <div
        class="fishd-card-grid"
        style="width:25%;text-align:center"
      >
        Content
      </div>
      <div
        class="fishd-card-grid"
        style="width:25%;text-align:center"
      >
        Content
      </div>
    </div>
  </div>
  <div
    class="fishd-card fishd-card-bordered"
  >
    <div
      class="fishd-card-head"
    >
      <div
        class="fishd-card-head-wrapper"
      >
        <div
          class="fishd-card-head-title"
        >
          Card title
        </div>
      </div>
    </div>
    <div
      class="fishd-card-body"
    >
      <p
        style="font-size:14px;color:rgba(0, 0, 0, 0.85);margin-bottom:16px;font-weight:500"
      >
        Group title
      </p>
      <div
        class="fishd-card fishd-card-bordered fishd-card-type-inner"
      >
        <div
          class="fishd-card-head"
        >
          <div
            class="fishd-card-head-wrapper"
          >
            <div
              class="fishd-card-head-title"
            >
              Inner Card title
            </div>
            <div
              class="fishd-card-extra"
            >
              <a
                href="#"
              >
                More
              </a>
            </div>
          </div>
        </div>
        <div
          class="fishd-card-body"
        >
          Inner Card content
        </div>
      </div>
      <div
        class="fishd-card fishd-card-bordered fishd-card-type-inner"
        style="margin-top:16px"
      >
        <div
          class="fishd-card-head"
        >
          <div
            class="fishd-card-head-wrapper"
          >
            <div
              class="fishd-card-head-title"
            >
              Inner Card title
            </div>
            <div
              class="fishd-card-extra"
            >
              <a
                href="#"
              >
                More
              </a>
            </div>
          </div>
        </div>
        <div
          class="fishd-card-body"
        >
          Inner Card content
        </div>
      </div>
    </div>
  </div>
  <div>
    <div
      class="fishd-card fishd-card-bordered fishd-card-contain-tabs"
      style="width:100%"
    >
      <div
        class="fishd-card-head"
      >
        <div
          class="fishd-card-head-wrapper"
        >
          <div
            class="fishd-card-head-title"
          >
            Card title
          </div>
          <div
            class="fishd-card-extra"
          >
            <a
              href="#"
            >
              More
            </a>
          </div>
        </div>
        <div
          class="fishd-tabs-ctner"
        >
          <div
            class="fishd-tabs fishd-tabs-top fishd-card-head-tabs fishd-tabs-large fishd-tabs-line fishd-tabs-no-animation"
          >
            <div
              class="fishd-tabs-bar"
              role="tablist"
              tabindex="0"
            >
              <div
                class="fishd-tabs-nav-container"
              >
                <span
                  class="fishd-tabs-tab-prev fishd-tabs-tab-btn-disabled"
                  unselectable="unselectable"
                >
                  <span
                    class="fishd-tabs-tab-prev-icon"
                  />
                </span>
                <span
                  class="fishd-tabs-tab-next fishd-tabs-tab-btn-disabled"
                  unselectable="unselectable"
                >
                  <span
                    class="fishd-tabs-tab-next-icon"
                  />
                </span>
                <div
                  class="fishd-tabs-nav-wrap"
                >
                  <div
                    class="fishd-tabs-nav-scroll"
                  >
                    <div
                      class="fishd-tabs-nav fishd-tabs-nav-animated"
                    >
                      <div
                        aria-disabled="false"
                        aria-selected="true"
                        class="fishd-tabs-tab-active fishd-tabs-tab"
                        role="tab"
                      >
                        tab1
                      </div>
                      <div
                        aria-disabled="false"
                        aria-selected="false"
                        class=" fishd-tabs-tab"
                        role="tab"
                      >
                        tab2
                      </div>
                      <div
                        class="fishd-tabs-ink-bar fishd-tabs-ink-bar-animated"
                      />
                    </div>
                  </div>
                </div>
              </div>
            </div>
            <div
              class="fishd-tabs-content fishd-tabs-content-animated"
              style="margin-left:0%"
            >
              <div
                aria-hidden="false"
                class="fishd-tabs-tabpane fishd-tabs-tabpane-active"
                role="tabpanel"
              />
              <div
                aria-hidden="true"
                class="fishd-tabs-tabpane fishd-tabs-tabpane-inactive"
                role="tabpanel"
              />
            </div>
          </div>
          <div
            class="fishd-spin-container"
          >
            <div
              class="fishd-spin"
            >
              <span
                class="fishd-spin-dot fishd-spin-dot-spin"
              >
                <i />
                <i />
                <i />
                <i />
              </span>
            </div>
          </div>
        </div>
      </div>
      <div
        class="fishd-card-body"
      >
        <p>
          content1
        </p>
      </div>
    </div>
    <br />
    <br />
    <div
      class="fishd-card fishd-card-bordered fishd-card-contain-tabs"
      style="width:100%"
    >
      <div
        class="fishd-card-head"
      >
        <div
          class="fishd-card-head-wrapper"
        />
        <div
          class="fishd-tabs-ctner"
        >
          <div
            class="fishd-tabs fishd-tabs-top fishd-card-head-tabs fishd-tabs-large fishd-tabs-line fishd-tabs-no-animation"
          >
            <div
              class="fishd-tabs-bar"
              role="tablist"
              tabindex="0"
            >
              <div
                class="fishd-tabs-nav-container"
              >
                <span
                  class="fishd-tabs-tab-prev fishd-tabs-tab-btn-disabled"
                  unselectable="unselectable"
                >
                  <span
                    class="fishd-tabs-tab-prev-icon"
                  />
                </span>
                <span
                  class="fishd-tabs-tab-next fishd-tabs-tab-btn-disabled"
                  unselectable="unselectable"
                >
                  <span
                    class="fishd-tabs-tab-next-icon"
                  />
                </span>
                <div
                  class="fishd-tabs-nav-wrap"
                >
                  <div
                    class="fishd-tabs-nav-scroll"
                  >
                    <div
                      class="fishd-tabs-nav fishd-tabs-nav-animated"
                    >
                      <div
                        aria-disabled="false"
                        aria-selected="false"
                        class=" fishd-tabs-tab"
                        role="tab"
                      >
                        article
                      </div>
                      <div
                        aria-disabled="false"
                        aria-selected="true"
                        class="fishd-tabs-tab-active fishd-tabs-tab"
                        role="tab"
                      >
                        app
                      </div>
                      <div
                        aria-disabled="false"
                        aria-selected="false"
                        class=" fishd-tabs-tab"
                        role="tab"
                      >
                        project
                      </div>
                      <div
                        class="fishd-tabs-ink-bar fishd-tabs-ink-bar-animated"
                      />
                    </div>
                  </div>
                </div>
              </div>
            </div>
            <div
              class="fishd-tabs-content fishd-tabs-content-animated"
              style="margin-left:-100%"
            >
              <div
                aria-hidden="true"
                class="fishd-tabs-tabpane fishd-tabs-tabpane-inactive"
                role="tabpanel"
              />
              <div
                aria-hidden="false"
                class="fishd-tabs-tabpane fishd-tabs-tabpane-active"
                role="tabpanel"
              />
              <div
                aria-hidden="true"
                class="fishd-tabs-tabpane fishd-tabs-tabpane-inactive"
                role="tabpanel"
              />
            </div>
          </div>
          <div
            class="fishd-spin-container"
          >
            <div
              class="fishd-spin"
            >
              <span
                class="fishd-spin-dot fishd-spin-dot-spin"
              >
                <i />
                <i />
                <i />
                <i />
              </span>
            </div>
          </div>
        </div>
      </div>
      <div
        class="fishd-card-body"
      >
        <p>
          app content
        </p>
      </div>
    </div>
  </div>
  <div
    class="fishd-card fishd-card-bordered"
    style="width:300px"
  >
    <div
      class="fishd-card-cover"
    >
      <img
        alt="example"
        src="https://gw.alipayobjects.com/zos/rmsportal/JiqGstEfoWAOHiTxclqi.png"
      />
    </div>
    <div
      class="fishd-card-body"
    >
      <div
        class="fishd-card-meta"
      >
        <div
          class="fishd-card-meta-avatar"
        >
          <span
            class="fishd-avatar fishd-avatar-circle fishd-avatar-image"
          >
            <img
              src="https://zos.alipayobjects.com/rmsportal/ODTLcjxAfvqbxHnVXCYX.png"
            />
          </span>
        </div>
        <div
          class="fishd-card-meta-detail"
        >
          <div
            class="fishd-card-meta-title"
          >
            Card title
          </div>
          <div
            class="fishd-card-meta-description"
          >
            This is the description
          </div>
        </div>
      </div>
    </div>
    <ul
      class="fishd-card-actions"
    >
      <li
        style="width:33.333333333333336%"
      >
        <span>
          <i
            class="fishdicon fishdicon-setting"
          />
        </span>
      </li>
      <li
        style="width:33.333333333333336%"
      >
        <span>
          <i
            class="fishdicon fishdicon-edit"
          />
        </span>
      </li>
      <li
        style="width:33.333333333333336%"
      >
        <span>
          <i
            class="fishdicon fishdicon-ellipsis"
          />
        </span>
      </li>
    </ul>
  </div>
</div>
`;
