// Jest Snapshot v1, https://goo.gl/fbAQLP

exports[`Renders inputNumber demo correctly 1`] = `
<div>
  <div
    class="fishd-input-number"
  >
    <div
      class="fishd-input-number-handler-wrap"
    >
      <span
        aria-disabled="false"
        aria-label="Increase Value"
        class="fishd-input-number-handler fishd-input-number-handler-up "
        role="button"
        unselectable="unselectable"
      >
        <span
          class="fishd-input-number-handler-up-inner"
          unselectable="unselectable"
        />
      </span>
      <span
        aria-disabled="false"
        aria-label="Decrease Value"
        class="fishd-input-number-handler fishd-input-number-handler-down "
        role="button"
        unselectable="unselectable"
      >
        <span
          class="fishd-input-number-handler-down-inner"
          unselectable="unselectable"
        />
      </span>
    </div>
    <div
      aria-valuemax="10"
      aria-valuemin="1"
      aria-valuenow="3"
      class="fishd-input-number-input-wrap"
      role="spinbutton"
    >
      <input
        autocomplete="off"
        class="fishd-input-number-input"
        max="10"
        min="1"
        step="1"
        value="3"
      />
    </div>
  </div>
  <div>
    <div
      class="fishd-input-number fishd-input-number-lg"
    >
      <div
        class="fishd-input-number-handler-wrap"
      >
        <span
          aria-disabled="false"
          aria-label="Increase Value"
          class="fishd-input-number-handler fishd-input-number-handler-up "
          role="button"
          unselectable="unselectable"
        >
          <span
            class="fishd-input-number-handler-up-inner"
            unselectable="unselectable"
          />
        </span>
        <span
          aria-disabled="false"
          aria-label="Decrease Value"
          class="fishd-input-number-handler fishd-input-number-handler-down "
          role="button"
          unselectable="unselectable"
        >
          <span
            class="fishd-input-number-handler-down-inner"
            unselectable="unselectable"
          />
        </span>
      </div>
      <div
        aria-valuemax="100000"
        aria-valuemin="1"
        aria-valuenow="3"
        class="fishd-input-number-input-wrap"
        role="spinbutton"
      >
        <input
          autocomplete="off"
          class="fishd-input-number-input"
          max="100000"
          min="1"
          step="1"
          value="3"
        />
      </div>
    </div>
    <div
      class="fishd-input-number"
    >
      <div
        class="fishd-input-number-handler-wrap"
      >
        <span
          aria-disabled="false"
          aria-label="Increase Value"
          class="fishd-input-number-handler fishd-input-number-handler-up "
          role="button"
          unselectable="unselectable"
        >
          <span
            class="fishd-input-number-handler-up-inner"
            unselectable="unselectable"
          />
        </span>
        <span
          aria-disabled="false"
          aria-label="Decrease Value"
          class="fishd-input-number-handler fishd-input-number-handler-down "
          role="button"
          unselectable="unselectable"
        >
          <span
            class="fishd-input-number-handler-down-inner"
            unselectable="unselectable"
          />
        </span>
      </div>
      <div
        aria-valuemax="100000"
        aria-valuemin="1"
        aria-valuenow="3"
        class="fishd-input-number-input-wrap"
        role="spinbutton"
      >
        <input
          autocomplete="off"
          class="fishd-input-number-input"
          max="100000"
          min="1"
          step="1"
          value="3"
        />
      </div>
    </div>
    <div
      class="fishd-input-number fishd-input-number-sm"
    >
      <div
        class="fishd-input-number-handler-wrap"
      >
        <span
          aria-disabled="false"
          aria-label="Increase Value"
          class="fishd-input-number-handler fishd-input-number-handler-up "
          role="button"
          unselectable="unselectable"
        >
          <span
            class="fishd-input-number-handler-up-inner"
            unselectable="unselectable"
          />
        </span>
        <span
          aria-disabled="false"
          aria-label="Decrease Value"
          class="fishd-input-number-handler fishd-input-number-handler-down "
          role="button"
          unselectable="unselectable"
        >
          <span
            class="fishd-input-number-handler-down-inner"
            unselectable="unselectable"
          />
        </span>
      </div>
      <div
        aria-valuemax="100000"
        aria-valuemin="1"
        aria-valuenow="3"
        class="fishd-input-number-input-wrap"
        role="spinbutton"
      >
        <input
          autocomplete="off"
          class="fishd-input-number-input"
          max="100000"
          min="1"
          step="1"
          value="3"
        />
      </div>
    </div>
  </div>
  <div>
    <div
      class="fishd-input-number fishd-input-number-disabled"
    >
      <div
        class="fishd-input-number-handler-wrap"
      >
        <span
          aria-disabled="true"
          aria-label="Increase Value"
          class="fishd-input-number-handler fishd-input-number-handler-up "
          role="button"
          unselectable="unselectable"
        >
          <span
            class="fishd-input-number-handler-up-inner"
            unselectable="unselectable"
          />
        </span>
        <span
          aria-disabled="true"
          aria-label="Decrease Value"
          class="fishd-input-number-handler fishd-input-number-handler-down "
          role="button"
          unselectable="unselectable"
        >
          <span
            class="fishd-input-number-handler-down-inner"
            unselectable="unselectable"
          />
        </span>
      </div>
      <div
        aria-valuemax="10"
        aria-valuemin="1"
        aria-valuenow="3"
        class="fishd-input-number-input-wrap"
        role="spinbutton"
      >
        <input
          autocomplete="off"
          class="fishd-input-number-input"
          disabled=""
          max="10"
          min="1"
          step="1"
          value="3"
        />
      </div>
    </div>
    <div
      style="margin-top:20px"
    >
      <button
        class="fishd-btn fishd-btn-primary"
        type="button"
      >
        <span>
          Toggle disabled
        </span>
      </button>
    </div>
  </div>
  <div
    class="fishd-input-number"
  >
    <div
      class="fishd-input-number-handler-wrap"
    >
      <span
        aria-disabled="false"
        aria-label="Increase Value"
        class="fishd-input-number-handler fishd-input-number-handler-up "
        role="button"
        unselectable="unselectable"
      >
        <span
          class="fishd-input-number-handler-up-inner"
          unselectable="unselectable"
        />
      </span>
      <span
        aria-disabled="false"
        aria-label="Decrease Value"
        class="fishd-input-number-handler fishd-input-number-handler-down "
        role="button"
        unselectable="unselectable"
      >
        <span
          class="fishd-input-number-handler-down-inner"
          unselectable="unselectable"
        />
      </span>
    </div>
    <div
      aria-valuemax="10"
      aria-valuemin="0"
      class="fishd-input-number-input-wrap"
      role="spinbutton"
    >
      <input
        autocomplete="off"
        class="fishd-input-number-input"
        max="10"
        min="0"
        step="0.1"
        value=""
      />
    </div>
  </div>
  <div>
    <div
      class="fishd-input-number"
    >
      <div
        class="fishd-input-number-handler-wrap"
      >
        <span
          aria-disabled="false"
          aria-label="Increase Value"
          class="fishd-input-number-handler fishd-input-number-handler-up "
          role="button"
          unselectable="unselectable"
        >
          <span
            class="fishd-input-number-handler-up-inner"
            unselectable="unselectable"
          />
        </span>
        <span
          aria-disabled="false"
          aria-label="Decrease Value"
          class="fishd-input-number-handler fishd-input-number-handler-down "
          role="button"
          unselectable="unselectable"
        >
          <span
            class="fishd-input-number-handler-down-inner"
            unselectable="unselectable"
          />
        </span>
      </div>
      <div
        aria-valuemin="-9007199254740991"
        aria-valuenow="1000"
        class="fishd-input-number-input-wrap"
        role="spinbutton"
      >
        <input
          autocomplete="off"
          class="fishd-input-number-input"
          min="-9007199254740991"
          step="1"
          value="$ 1,000"
        />
      </div>
    </div>
    <div
      class="fishd-input-number"
    >
      <div
        class="fishd-input-number-handler-wrap"
      >
        <span
          aria-disabled="true"
          aria-label="Increase Value"
          class="fishd-input-number-handler fishd-input-number-handler-up fishd-input-number-handler-up-disabled"
          role="button"
          unselectable="unselectable"
        >
          <span
            class="fishd-input-number-handler-up-inner"
            unselectable="unselectable"
          />
        </span>
        <span
          aria-disabled="false"
          aria-label="Decrease Value"
          class="fishd-input-number-handler fishd-input-number-handler-down "
          role="button"
          unselectable="unselectable"
        >
          <span
            class="fishd-input-number-handler-down-inner"
            unselectable="unselectable"
          />
        </span>
      </div>
      <div
        aria-valuemax="100"
        aria-valuemin="0"
        aria-valuenow="100"
        class="fishd-input-number-input-wrap"
        role="spinbutton"
      >
        <input
          autocomplete="off"
          class="fishd-input-number-input"
          max="100"
          min="0"
          step="1"
          value="100%"
        />
      </div>
    </div>
  </div>
</div>
`;
