// Jest Snapshot v1, https://goo.gl/fbAQLP

exports[`Renders inputNumber demo correctly 1`] = `
<div>
  <div
    class="fishd-input-number"
  >
    <div
      class="fishd-input-number-handler-wrap"
    >
      <span
        aria-disabled="false"
        aria-label="Increase Value"
        class="fishd-input-number-handler fishd-input-number-handler-up"
        role="button"
        unselectable="on"
      >
        <span
          class="fishd-input-number-handler-up-inner"
          unselectable="on"
        />
      </span>
      <span
        aria-disabled="false"
        aria-label="Decrease Value"
        class="fishd-input-number-handler fishd-input-number-handler-down"
        role="button"
        unselectable="on"
      >
        <span
          class="fishd-input-number-handler-down-inner"
          unselectable="on"
        />
      </span>
    </div>
    <div
      class="fishd-input-number-input-wrap"
    >
      <input
        aria-valuemax="10"
        aria-valuemin="1"
        aria-valuenow="3"
        autocomplete="off"
        class="fishd-input-number-input"
        role="spinbutton"
        step="1"
        value="3"
      />
    </div>
  </div>
  <div>
    <div
      class="fishd-input-number fishd-input-number-lg"
    >
      <div
        class="fishd-input-number-handler-wrap"
      >
        <span
          aria-disabled="false"
          aria-label="Increase Value"
          class="fishd-input-number-handler fishd-input-number-handler-up"
          role="button"
          unselectable="on"
        >
          <span
            class="fishd-input-number-handler-up-inner"
            unselectable="on"
          />
        </span>
        <span
          aria-disabled="false"
          aria-label="Decrease Value"
          class="fishd-input-number-handler fishd-input-number-handler-down"
          role="button"
          unselectable="on"
        >
          <span
            class="fishd-input-number-handler-down-inner"
            unselectable="on"
          />
        </span>
      </div>
      <div
        class="fishd-input-number-input-wrap"
      >
        <input
          aria-valuemax="100000"
          aria-valuemin="1"
          aria-valuenow="3"
          autocomplete="off"
          class="fishd-input-number-input"
          role="spinbutton"
          step="1"
          value="3"
        />
      </div>
    </div>
    <div
      class="fishd-input-number"
    >
      <div
        class="fishd-input-number-handler-wrap"
      >
        <span
          aria-disabled="false"
          aria-label="Increase Value"
          class="fishd-input-number-handler fishd-input-number-handler-up"
          role="button"
          unselectable="on"
        >
          <span
            class="fishd-input-number-handler-up-inner"
            unselectable="on"
          />
        </span>
        <span
          aria-disabled="false"
          aria-label="Decrease Value"
          class="fishd-input-number-handler fishd-input-number-handler-down"
          role="button"
          unselectable="on"
        >
          <span
            class="fishd-input-number-handler-down-inner"
            unselectable="on"
          />
        </span>
      </div>
      <div
        class="fishd-input-number-input-wrap"
      >
        <input
          aria-valuemax="100000"
          aria-valuemin="1"
          aria-valuenow="3"
          autocomplete="off"
          class="fishd-input-number-input"
          role="spinbutton"
          step="1"
          value="3"
        />
      </div>
    </div>
    <div
      class="fishd-input-number fishd-input-number-sm"
    >
      <div
        class="fishd-input-number-handler-wrap"
      >
        <span
          aria-disabled="false"
          aria-label="Increase Value"
          class="fishd-input-number-handler fishd-input-number-handler-up"
          role="button"
          unselectable="on"
        >
          <span
            class="fishd-input-number-handler-up-inner"
            unselectable="on"
          />
        </span>
        <span
          aria-disabled="false"
          aria-label="Decrease Value"
          class="fishd-input-number-handler fishd-input-number-handler-down"
          role="button"
          unselectable="on"
        >
          <span
            class="fishd-input-number-handler-down-inner"
            unselectable="on"
          />
        </span>
      </div>
      <div
        class="fishd-input-number-input-wrap"
      >
        <input
          aria-valuemax="100000"
          aria-valuemin="1"
          aria-valuenow="3"
          autocomplete="off"
          class="fishd-input-number-input"
          role="spinbutton"
          step="1"
          value="3"
        />
      </div>
    </div>
  </div>
  <div>
    <div
      class="fishd-input-number fishd-input-number-disabled"
    >
      <div
        class="fishd-input-number-handler-wrap"
      >
        <span
          aria-disabled="false"
          aria-label="Increase Value"
          class="fishd-input-number-handler fishd-input-number-handler-up"
          role="button"
          unselectable="on"
        >
          <span
            class="fishd-input-number-handler-up-inner"
            unselectable="on"
          />
        </span>
        <span
          aria-disabled="false"
          aria-label="Decrease Value"
          class="fishd-input-number-handler fishd-input-number-handler-down"
          role="button"
          unselectable="on"
        >
          <span
            class="fishd-input-number-handler-down-inner"
            unselectable="on"
          />
        </span>
      </div>
      <div
        class="fishd-input-number-input-wrap"
      >
        <input
          aria-valuemax="10"
          aria-valuemin="1"
          aria-valuenow="3"
          autocomplete="off"
          class="fishd-input-number-input"
          disabled=""
          role="spinbutton"
          step="1"
          value="3"
        />
      </div>
    </div>
    <div
      style="margin-top:20px"
    >
      <button
        class="fishd-btn fishd-btn-primary"
        type="button"
      >
        <span>
          Toggle disabled
        </span>
      </button>
    </div>
  </div>
  <div
    class="fishd-input-number"
  >
    <div
      class="fishd-input-number-handler-wrap"
    >
      <span
        aria-disabled="false"
        aria-label="Increase Value"
        class="fishd-input-number-handler fishd-input-number-handler-up"
        role="button"
        unselectable="on"
      >
        <span
          class="fishd-input-number-handler-up-inner"
          unselectable="on"
        />
      </span>
      <span
        aria-disabled="false"
        aria-label="Decrease Value"
        class="fishd-input-number-handler fishd-input-number-handler-down"
        role="button"
        unselectable="on"
      >
        <span
          class="fishd-input-number-handler-down-inner"
          unselectable="on"
        />
      </span>
    </div>
    <div
      class="fishd-input-number-input-wrap"
    >
      <input
        aria-valuemax="10"
        aria-valuemin="0"
        autocomplete="off"
        class="fishd-input-number-input"
        role="spinbutton"
        step="0.1"
        value=""
      />
    </div>
  </div>
  <div>
    <div
      class="fishd-input-number"
    >
      <div
        class="fishd-input-number-handler-wrap"
      >
        <span
          aria-disabled="false"
          aria-label="Increase Value"
          class="fishd-input-number-handler fishd-input-number-handler-up"
          role="button"
          unselectable="on"
        >
          <span
            class="fishd-input-number-handler-up-inner"
            unselectable="on"
          />
        </span>
        <span
          aria-disabled="false"
          aria-label="Decrease Value"
          class="fishd-input-number-handler fishd-input-number-handler-down"
          role="button"
          unselectable="on"
        >
          <span
            class="fishd-input-number-handler-down-inner"
            unselectable="on"
          />
        </span>
      </div>
      <div
        class="fishd-input-number-input-wrap"
      >
        <input
          aria-valuenow="1000"
          autocomplete="off"
          class="fishd-input-number-input"
          role="spinbutton"
          step="1"
          value="$ 1,000"
        />
      </div>
    </div>
    <div
      class="fishd-input-number"
    >
      <div
        class="fishd-input-number-handler-wrap"
      >
        <span
          aria-disabled="true"
          aria-label="Increase Value"
          class="fishd-input-number-handler fishd-input-number-handler-up fishd-input-number-handler-up-disabled"
          role="button"
          unselectable="on"
        >
          <span
            class="fishd-input-number-handler-up-inner"
            unselectable="on"
          />
        </span>
        <span
          aria-disabled="false"
          aria-label="Decrease Value"
          class="fishd-input-number-handler fishd-input-number-handler-down"
          role="button"
          unselectable="on"
        >
          <span
            class="fishd-input-number-handler-down-inner"
            unselectable="on"
          />
        </span>
      </div>
      <div
        class="fishd-input-number-input-wrap"
      >
        <input
          aria-valuemax="100"
          aria-valuemin="0"
          aria-valuenow="100"
          autocomplete="off"
          class="fishd-input-number-input"
          role="spinbutton"
          step="1"
          value="100%"
        />
      </div>
    </div>
  </div>
  <div>
    <div
      class="fishd-input-number fishd-input-number-out-of-range"
    >
      <div
        class="fishd-input-number-handler-wrap"
      >
        <span
          aria-disabled="true"
          aria-label="Increase Value"
          class="fishd-input-number-handler fishd-input-number-handler-up fishd-input-number-handler-up-disabled"
          role="button"
          unselectable="on"
        >
          <span
            class="fishd-input-number-handler-up-inner"
            unselectable="on"
          />
        </span>
        <span
          aria-disabled="false"
          aria-label="Decrease Value"
          class="fishd-input-number-handler fishd-input-number-handler-down"
          role="button"
          unselectable="on"
        >
          <span
            class="fishd-input-number-handler-down-inner"
            unselectable="on"
          />
        </span>
      </div>
      <div
        class="fishd-input-number-input-wrap"
      >
        <input
          aria-valuemax="10"
          aria-valuemin="1"
          aria-valuenow="100"
          autocomplete="off"
          class="fishd-input-number-input"
          role="spinbutton"
          step="1"
          value="100"
        />
      </div>
    </div>
    <button
      class="fishd-btn fishd-btn-primary"
      type="button"
    >
      <span>
        Reset
      </span>
    </button>
  </div>
  <div>
    <div
      class="fishd-input-number-group-wrapper"
    >
      <div
        class="fishd-input-number-wrapper fishd-input-number-group"
      >
        <div
          class="fishd-input-number-group-addon"
        >
          +
        </div>
        <div
          class="fishd-input-number"
        >
          <div
            class="fishd-input-number-handler-wrap"
          >
            <span
              aria-disabled="false"
              aria-label="Increase Value"
              class="fishd-input-number-handler fishd-input-number-handler-up"
              role="button"
              unselectable="on"
            >
              <span
                class="fishd-input-number-handler-up-inner"
                unselectable="on"
              />
            </span>
            <span
              aria-disabled="false"
              aria-label="Decrease Value"
              class="fishd-input-number-handler fishd-input-number-handler-down"
              role="button"
              unselectable="on"
            >
              <span
                class="fishd-input-number-handler-down-inner"
                unselectable="on"
              />
            </span>
          </div>
          <div
            class="fishd-input-number-input-wrap"
          >
            <input
              aria-valuenow="100"
              autocomplete="off"
              class="fishd-input-number-input"
              role="spinbutton"
              step="1"
              value="100"
            />
          </div>
        </div>
        <div
          class="fishd-input-number-group-addon"
        >
          $
        </div>
      </div>
    </div>
    <div
      class="fishd-input-number-group-wrapper"
    >
      <div
        class="fishd-input-number-wrapper fishd-input-number-group"
      >
        <div
          class="fishd-input-number-group-addon"
        >
          <div
            class="fishd-select select-before"
          >
            <div
              class="fishd-select-content"
            >
              <div
                class="fishd-select-caret"
              >
                <i
                  class="fishdicon fishdicon-down-fill"
                />
              </div>
              <div
                class="fishd-select-option-single"
              >
                +
              </div>
            </div>
          </div>
        </div>
        <div
          class="fishd-input-number"
        >
          <div
            class="fishd-input-number-handler-wrap"
          >
            <span
              aria-disabled="false"
              aria-label="Increase Value"
              class="fishd-input-number-handler fishd-input-number-handler-up"
              role="button"
              unselectable="on"
            >
              <span
                class="fishd-input-number-handler-up-inner"
                unselectable="on"
              />
            </span>
            <span
              aria-disabled="false"
              aria-label="Decrease Value"
              class="fishd-input-number-handler fishd-input-number-handler-down"
              role="button"
              unselectable="on"
            >
              <span
                class="fishd-input-number-handler-down-inner"
                unselectable="on"
              />
            </span>
          </div>
          <div
            class="fishd-input-number-input-wrap"
          >
            <input
              aria-valuenow="100"
              autocomplete="off"
              class="fishd-input-number-input"
              role="spinbutton"
              step="1"
              value="100"
            />
          </div>
        </div>
        <div
          class="fishd-input-number-group-addon"
        >
          <div
            class="fishd-select select-after"
          >
            <div
              class="fishd-select-content"
            >
              <div
                class="fishd-select-caret"
              >
                <i
                  class="fishdicon fishdicon-down-fill"
                />
              </div>
              <div
                class="fishd-select-option-single"
              >
                $
              </div>
            </div>
          </div>
        </div>
      </div>
    </div>
    <div
      class="fishd-input-number-group-wrapper"
    >
      <div
        class="fishd-input-number-wrapper fishd-input-number-group"
      >
        <div
          class="fishd-input-number-group-addon"
        >
          <i
            class="fishdicon fishdicon-Settingx"
          />
        </div>
        <div
          class="fishd-input-number"
        >
          <div
            class="fishd-input-number-handler-wrap"
          >
            <span
              aria-disabled="false"
              aria-label="Increase Value"
              class="fishd-input-number-handler fishd-input-number-handler-up"
              role="button"
              unselectable="on"
            >
              <span
                class="fishd-input-number-handler-up-inner"
                unselectable="on"
              />
            </span>
            <span
              aria-disabled="false"
              aria-label="Decrease Value"
              class="fishd-input-number-handler fishd-input-number-handler-down"
              role="button"
              unselectable="on"
            >
              <span
                class="fishd-input-number-handler-down-inner"
                unselectable="on"
              />
            </span>
          </div>
          <div
            class="fishd-input-number-input-wrap"
          >
            <input
              aria-valuenow="100"
              autocomplete="off"
              class="fishd-input-number-input"
              role="spinbutton"
              step="1"
              value="100"
            />
          </div>
        </div>
      </div>
    </div>
    <div
      class="fishd-input-number-group-wrapper"
    >
      <div
        class="fishd-input-number-wrapper fishd-input-number-group"
      >
        <div
          class="fishd-input-number"
        >
          <div
            class="fishd-input-number-handler-wrap"
          >
            <span
              aria-disabled="false"
              aria-label="Increase Value"
              class="fishd-input-number-handler fishd-input-number-handler-up"
              role="button"
              unselectable="on"
            >
              <span
                class="fishd-input-number-handler-up-inner"
                unselectable="on"
              />
            </span>
            <span
              aria-disabled="false"
              aria-label="Decrease Value"
              class="fishd-input-number-handler fishd-input-number-handler-down"
              role="button"
              unselectable="on"
            >
              <span
                class="fishd-input-number-handler-down-inner"
                unselectable="on"
              />
            </span>
          </div>
          <div
            class="fishd-input-number-input-wrap"
          >
            <input
              aria-valuenow="100"
              autocomplete="off"
              class="fishd-input-number-input"
              role="spinbutton"
              step="1"
              value="100"
            />
          </div>
        </div>
        <div
          class="fishd-input-number-group-addon"
        >
          <i
            class="fishdicon fishdicon-Settingx"
          />
        </div>
      </div>
    </div>
  </div>
  <div
    class="fishd-input-number fishd-input-number-borderless"
  >
    <div
      class="fishd-input-number-handler-wrap"
    >
      <span
        aria-disabled="false"
        aria-label="Increase Value"
        class="fishd-input-number-handler fishd-input-number-handler-up"
        role="button"
        unselectable="on"
      >
        <span
          class="fishd-input-number-handler-up-inner"
          unselectable="on"
        />
      </span>
      <span
        aria-disabled="false"
        aria-label="Decrease Value"
        class="fishd-input-number-handler fishd-input-number-handler-down"
        role="button"
        unselectable="on"
      >
        <span
          class="fishd-input-number-handler-down-inner"
          unselectable="on"
        />
      </span>
    </div>
    <div
      class="fishd-input-number-input-wrap"
    >
      <input
        aria-valuemax="10"
        aria-valuemin="1"
        aria-valuenow="3"
        autocomplete="off"
        class="fishd-input-number-input"
        role="spinbutton"
        step="1"
        value="3"
      />
    </div>
  </div>
  <div>
    <div
      class="fishd-input-number"
    >
      <div
        class="fishd-input-number-handler-wrap"
      >
        <span
          aria-disabled="false"
          aria-label="Increase Value"
          class="fishd-input-number-handler fishd-input-number-handler-up"
          role="button"
          unselectable="on"
        >
          <span
            class="fishd-input-number-handler-up-inner"
            unselectable="on"
          />
        </span>
        <span
          aria-disabled="false"
          aria-label="Decrease Value"
          class="fishd-input-number-handler fishd-input-number-handler-down"
          role="button"
          unselectable="on"
        >
          <span
            class="fishd-input-number-handler-down-inner"
            unselectable="on"
          />
        </span>
      </div>
      <div
        class="fishd-input-number-input-wrap"
      >
        <input
          aria-valuemax="10"
          aria-valuemin="1"
          aria-valuenow="3"
          autocomplete="off"
          class="fishd-input-number-input"
          role="spinbutton"
          step="1"
          value="3"
        />
      </div>
    </div>
    <label
      class="fishd-checkbox-wrapper"
    >
      <span
        class="fishd-checkbox"
      >
        <input
          class="fishd-checkbox-input"
          type="checkbox"
        />
        <span
          class="fishd-checkbox-inner"
        />
      </span>
      <span>
        Toggle keyboard
      </span>
    </label>
  </div>
</div>
`;
