// Jest Snapshot v1, https://goo.gl/fbAQLP

exports[`Renders autoComplete demo correctly 1`] = `
<div>
  <div>
    <div
      class="fishd-autocomplete-select-show-search fishd-autocomplete-select-auto-complete fishd-autocomplete-select fishd-autocomplete-select-combobox fishd-autocomplete-select-enabled fishd-autocomplete-select-allow-clear"
      style="width:300px"
    >
      <div
        aria-autocomplete="list"
        aria-expanded="false"
        aria-haspopup="true"
        class="fishd-autocomplete-select-selection
            fishd-autocomplete-select-selection--single"
        role="combobox"
      >
        <div
          class="fishd-autocomplete-select-selection__rendered"
        >
          <div
            class="fishd-autocomplete-select-selection__placeholder"
            style="display:block;user-select:none;-webkit-user-select:none"
            unselectable="on"
          >
            input here
          </div>
          <ul>
            <li
              class="fishd-autocomplete-select-search fishd-autocomplete-select-search--inline"
            >
              <div
                class="fishd-autocomplete-select-search__field__wrap"
              >
                <input
                  class="fishd-input fishd-autocomplete-select-search__field"
                  type="text"
                  value=""
                />
                <span
                  class="fishd-autocomplete-select-search__field__mirror"
                >
                   
                </span>
              </div>
            </li>
          </ul>
        </div>
        <span
          class="fishd-autocomplete-select-arrow"
          style="user-select:none;-webkit-user-select:none"
          unselectable="on"
        >
          <i
            class="fishd-autocomplete-select-arrow-icon"
          />
        </span>
      </div>
    </div>
    <br />
    <div
      class="fishd-autocomplete-select-show-search fishd-autocomplete-select-auto-complete fishd-autocomplete-select fishd-autocomplete-select-combobox fishd-autocomplete-select-disabled fishd-autocomplete-select-allow-clear"
      style="width:300px;margin-top:10px"
    >
      <div
        aria-autocomplete="list"
        aria-expanded="false"
        aria-haspopup="true"
        class="fishd-autocomplete-select-selection
            fishd-autocomplete-select-selection--single"
        role="combobox"
      >
        <div
          class="fishd-autocomplete-select-selection__rendered"
        >
          <div
            class="fishd-autocomplete-select-selection__placeholder"
            style="display:block;user-select:none;-webkit-user-select:none"
            unselectable="on"
          >
            input here
          </div>
          <ul>
            <li
              class="fishd-autocomplete-select-search fishd-autocomplete-select-search--inline"
            >
              <div
                class="fishd-autocomplete-select-search__field__wrap"
              >
                <input
                  class="fishd-input fishd-input-disabled fishd-autocomplete-select-search__field"
                  disabled=""
                  type="text"
                  value=""
                />
                <span
                  class="fishd-autocomplete-select-search__field__mirror"
                >
                   
                </span>
              </div>
            </li>
          </ul>
        </div>
        <span
          class="fishd-autocomplete-select-arrow"
          style="user-select:none;-webkit-user-select:none"
          unselectable="on"
        >
          <i
            class="fishd-autocomplete-select-arrow-icon"
          />
        </span>
      </div>
    </div>
  </div>
  <div
    class="fishd-autocomplete-select-show-search fishd-autocomplete-select-auto-complete fishd-autocomplete-select fishd-autocomplete-select-combobox fishd-autocomplete-select-enabled"
    style="width:300px"
  >
    <div
      aria-autocomplete="list"
      aria-expanded="false"
      aria-haspopup="true"
      class="fishd-autocomplete-select-selection
            fishd-autocomplete-select-selection--single"
      role="combobox"
    >
      <div
        class="fishd-autocomplete-select-selection__rendered"
      >
        <div
          class="fishd-autocomplete-select-selection__placeholder"
          style="display:block;user-select:none;-webkit-user-select:none"
          unselectable="on"
        >
          input here
        </div>
        <ul>
          <li
            class="fishd-autocomplete-select-search fishd-autocomplete-select-search--inline"
          >
            <div
              class="fishd-autocomplete-select-search__field__wrap"
            >
              <input
                class="fishd-input fishd-autocomplete-select-search__field"
                type="text"
                value=""
              />
              <span
                class="fishd-autocomplete-select-search__field__mirror"
              >
                 
              </span>
            </div>
          </li>
        </ul>
      </div>
      <span
        class="fishd-autocomplete-select-arrow"
        style="user-select:none;-webkit-user-select:none"
        unselectable="on"
      >
        <i
          class="fishd-autocomplete-select-arrow-icon"
        />
      </span>
    </div>
  </div>
  <div
    class="global-search-wrapper"
    style="width:300px"
  >
    <div
      class="global-search fishd-autocomplete-select-show-search fishd-autocomplete-select-auto-complete fishd-autocomplete-select fishd-autocomplete-select-combobox fishd-autocomplete-select-enabled"
      style="width:100%"
    >
      <div
        aria-autocomplete="list"
        aria-expanded="false"
        aria-haspopup="true"
        class="fishd-autocomplete-select-selection
            fishd-autocomplete-select-selection--single"
        role="combobox"
      >
        <div
          class="fishd-autocomplete-select-selection__rendered"
        >
          <div
            class="fishd-autocomplete-select-selection__placeholder"
            style="display:block;user-select:none;-webkit-user-select:none"
            unselectable="on"
          >
            input here
          </div>
          <ul>
            <li
              class="fishd-autocomplete-select-search fishd-autocomplete-select-search--inline"
            >
              <div
                class="fishd-autocomplete-select-search__field__wrap"
              >
                <span
                  class="fishd-input-search fishd-autocomplete-select-search__field fishd-input-search-enter-button fishd-input-affix-wrapper"
                >
                  <input
                    class="fishd-input"
                    maxlength="20"
                    type="text"
                    value=""
                  />
                  <span
                    class="fishd-input-suffix"
                  >
                    <button
                      class="fishd-btn fishd-input-search-button fishd-btn-primary"
                      type="button"
                    >
                      <i
                        class="fishdicon fishdicon-search-line"
                      />
                    </button>
                  </span>
                </span>
                <span
                  class="fishd-autocomplete-select-search__field__mirror"
                >
                   
                </span>
              </div>
            </li>
          </ul>
        </div>
        <span
          class="fishd-autocomplete-select-arrow"
          style="user-select:none;-webkit-user-select:none"
          unselectable="on"
        >
          <i
            class="fishd-autocomplete-select-arrow-icon"
          />
        </span>
      </div>
    </div>
  </div>
</div>
`;
